==========================================
Aviation Data Scraper - Quick Start
==========================================

Checking prerequisites...
[0;32m[✓][0m Python 3.12.3 found
[1;33m[!][0m Virtual environment already exists
[0;32m[✓][0m Activating virtual environment...
[0;32m[✓][0m Installing dependencies...
[0;32m[✓][0m Checking for Selenium WebDriver...
[0;32m[✓][0m ChromeDriver found
[0;32m[✓][0m Creating directories...
[0;32m[✓][0m Configuration file found
[0;32m[✓][0m Input files configured: 2

==========================================
Setup Complete!
==========================================

[0;32m[✓][0m All prerequisites met

To run the scraper:
  1. Activate virtual environment: source venv/bin/activate
  2. Run scraper: python scraper.py

Optional: Run examples first:
  python examples.py

./setup.sh: line 138: read: read error: 0: Bad file descriptor
2026-02-11 14:58:10,607 - __main__ - INFO - Logging initialized. Log file: logs/scraper_20260211_135810.log
2026-02-11 14:58:10,612 - config_loader - INFO - Loaded configuration from: config.yaml
2026-02-11 14:58:10,612 - config_loader - INFO - Configuration validated successfully
2026-02-11 14:58:10,612 - output - INFO - Output writer initialized. Success file: output/scraped_records_20260211_135810.jsonl
2026-02-11 14:58:10,612 - output - INFO - Failed records file: output/failed_records_20260211_135810.jsonl
2026-02-11 14:58:10,613 - progress - INFO - Loaded progress: 5 completed, 1 failed
2026-02-11 14:58:10,613 - progress - INFO - Progress tracker initialized with 5 completed IDs
2026-02-11 14:58:10,613 - __main__ - INFO - Scraper orchestrator initialized for source: acukwik
2026-02-11 14:58:10,613 - __main__ - INFO - ============================================================
2026-02-11 14:58:10,613 - __main__ - INFO - Starting Aviation Data Scraper
2026-02-11 14:58:10,613 - __main__ - INFO - ============================================================
2026-02-11 14:58:10,613 - __main__ - INFO - Using existing cookies (age: 0.0 days)
2026-02-11 14:58:10,613 - __main__ - INFO - Loading input from: ../country_links.csv
2026-02-11 14:58:10,716 - __main__ - INFO - Loaded 25802 records from ../country_links.csv
2026-02-11 14:58:10,716 - __main__ - INFO - Total records loaded: 25802
2026-02-11 14:58:10,716 - __main__ - INFO - Starting parallel scraping with 16 workers
2026-02-11 14:58:10,716 - __main__ - INFO - Total records to process: 25802
2026-02-11 14:58:17,989 - auth - INFO - Loaded 6 cookies from ../cookies.json
2026-02-11 14:58:18,090 - auth - INFO - Loaded 6 cookies from ../cookies.json
2026-02-11 14:58:19,704 - auth - INFO - Loaded 6 cookies from ../cookies.json
2026-02-11 14:58:20,476 - auth - INFO - Loaded 6 cookies from ../cookies.json
2026-02-11 14:58:20,615 - auth - INFO - Loaded 6 cookies from ../cookies.json
2026-02-11 14:58:20,656 - auth - INFO - Loaded 6 cookies from ../cookies.json
2026-02-11 14:58:20,965 - auth - INFO - Loaded 6 cookies from ../cookies.json
2026-02-11 14:58:21,065 - auth - INFO - Loaded 6 cookies from ../cookies.json
2026-02-11 14:58:21,313 - auth - INFO - Loaded 6 cookies from ../cookies.json
2026-02-11 14:58:21,424 - auth - INFO - Loaded 6 cookies from ../cookies.json
2026-02-11 14:58:21,425 - auth - INFO - Loaded 6 cookies from ../cookies.json
2026-02-11 14:58:21,500 - auth - INFO - Loaded 6 cookies from ../cookies.json
2026-02-11 14:58:21,540 - auth - INFO - Loaded 6 cookies from ../cookies.json
2026-02-11 14:58:21,656 - auth - INFO - Loaded 6 cookies from ../cookies.json
2026-02-11 14:58:21,857 - auth - INFO - Loaded 6 cookies from ../cookies.json
2026-02-11 14:58:21,917 - auth - INFO - Loaded 6 cookies from ../cookies.json
2026-02-11 14:58:35,711 - auth - INFO - Successfully applied 6/6 cookies
2026-02-11 14:58:36,760 - auth - INFO - Successfully applied 6/6 cookies
2026-02-11 14:58:37,053 - auth - INFO - Successfully applied 6/6 cookies
2026-02-11 14:58:37,431 - auth - INFO - Successfully applied 6/6 cookies
2026-02-11 14:58:37,595 - auth - INFO - Successfully applied 6/6 cookies
2026-02-11 14:58:37,676 - auth - INFO - Successfully applied 6/6 cookies
2026-02-11 14:58:37,809 - auth - INFO - Successfully applied 6/6 cookies
2026-02-11 14:58:38,807 - auth - INFO - Successfully applied 6/6 cookies
2026-02-11 14:58:39,048 - auth - INFO - Successfully applied 6/6 cookies
2026-02-11 14:58:39,141 - auth - INFO - Successfully applied 6/6 cookies
2026-02-11 14:58:39,410 - auth - ERROR - Failed to apply cookies: ('Connection aborted.', RemoteDisconnected('Remote end closed connection without response'))
2026-02-11 14:58:39,410 - __main__ - ERROR - Error scraping https://acukwik.com/Airport-Info/UMII (attempt 1): ('Connection aborted.', RemoteDisconnected('Remote end closed connection without response'))
2026-02-11 14:58:39,410 - __main__ - INFO - Retrying in 5.35 seconds...
2026-02-11 14:58:39,449 - auth - ERROR - Failed to apply cookies: ('Connection aborted.', RemoteDisconnected('Remote end closed connection without response'))
2026-02-11 14:58:39,455 - auth - ERROR - Failed to apply cookies: ('Connection aborted.', RemoteDisconnected('Remote end closed connection without response'))
2026-02-11 14:58:39,463 - auth - ERROR - Failed to apply cookies: ('Connection aborted.', RemoteDisconnected('Remote end closed connection without response'))
2026-02-11 14:58:39,463 - __main__ - ERROR - Error scraping https://acukwik.com/Airport-Info/UBBL (attempt 1): ('Connection aborted.', RemoteDisconnected('Remote end closed connection without response'))
2026-02-11 14:58:39,464 - __main__ - ERROR - Error scraping https://acukwik.com/Airport-Info/UMOO (attempt 1): ('Connection aborted.', RemoteDisconnected('Remote end closed connection without response'))
2026-02-11 14:58:39,464 - __main__ - INFO - Retrying in 5.15 seconds...
2026-02-11 14:58:39,464 - __main__ - ERROR - Error scraping https://acukwik.com/Airport-Info/VGHS (attempt 1): ('Connection aborted.', RemoteDisconnected('Remote end closed connection without response'))
2026-02-11 14:58:39,464 - __main__ - INFO - Retrying in 5.35 seconds...
2026-02-11 14:58:39,464 - __main__ - INFO - Retrying in 5.21 seconds...
2026-02-11 14:58:39,478 - auth - WARNING - Failed to add cookie .ASPXANONYMOUS: ('Connection aborted.', RemoteDisconnected('Remote end closed connection without response'))
2026-02-11 14:58:39,483 - urllib3.connectionpool - WARNING - Retrying (Retry(total=2, connect=None, read=None, redirect=None, status=None)) after connection broken by 'NewConnectionError('<urllib3.connection.HTTPConnection object at 0x7a7533263740>: Failed to establish a new connection: [Errno 111] Connection refused')': /session/bcaf161c6f4fd49f44acb413a8344a3e/cookie
2026-02-11 14:58:39,484 - auth - ERROR - Failed to apply cookies: ('Connection aborted.', RemoteDisconnected('Remote end closed connection without response'))
2026-02-11 14:58:39,486 - __main__ - ERROR - Error scraping https://acukwik.com/Airport-Info/UBBF (attempt 1): ('Connection aborted.', RemoteDisconnected('Remote end closed connection without response'))
2026-02-11 14:58:39,486 - __main__ - INFO - Retrying in 5.30 seconds...
2026-02-11 14:58:39,484 - auth - WARNING - Failed to add cookie __cf_bm: ('Connection aborted.', RemoteDisconnected('Remote end closed connection without response'))
2026-02-11 14:58:39,486 - urllib3.connectionpool - WARNING - Retrying (Retry(total=1, connect=None, read=None, redirect=None, status=None)) after connection broken by 'NewConnectionError('<urllib3.connection.HTTPConnection object at 0x7a7533260710>: Failed to establish a new connection: [Errno 111] Connection refused')': /session/bcaf161c6f4fd49f44acb413a8344a3e/cookie
2026-02-11 14:58:39,487 - auth - ERROR - Failed to apply cookies: ('Connection aborted.', RemoteDisconnected('Remote end closed connection without response'))
2026-02-11 14:58:39,488 - __main__ - ERROR - Error scraping https://acukwik.com/Airport-Info/UBBB (attempt 1): ('Connection aborted.', RemoteDisconnected('Remote end closed connection without response'))
2026-02-11 14:58:39,488 - __main__ - INFO - Retrying in 5.22 seconds...
2026-02-11 14:58:39,489 - auth - ERROR - Failed to apply cookies: ('Connection aborted.', RemoteDisconnected('Remote end closed connection without response'))
2026-02-11 14:58:39,489 - __main__ - ERROR - Error scraping https://acukwik.com/Airport-Info/UMGG (attempt 1): ('Connection aborted.', RemoteDisconnected('Remote end closed connection without response'))
2026-02-11 14:58:39,489 - __main__ - INFO - Retrying in 5.45 seconds...
2026-02-11 14:58:39,489 - urllib3.connectionpool - WARNING - Retrying (Retry(total=0, connect=None, read=None, redirect=None, status=None)) after connection broken by 'NewConnectionError('<urllib3.connection.HTTPConnection object at 0x7a7533263fe0>: Failed to establish a new connection: [Errno 111] Connection refused')': /session/bcaf161c6f4fd49f44acb413a8344a3e/cookie
2026-02-11 14:58:39,490 - auth - WARNING - Failed to add cookie __cf_bm: HTTPConnectionPool(host='localhost', port=33627): Max retries exceeded with url: /session/bcaf161c6f4fd49f44acb413a8344a3e/cookie (Caused by NewConnectionError('<urllib3.connection.HTTPConnection object at 0x7a753320c0e0>: Failed to establish a new connection: [Errno 111] Connection refused'))
2026-02-11 14:58:39,491 - urllib3.connectionpool - WARNING - Retrying (Retry(total=2, connect=None, read=None, redirect=None, status=None)) after connection broken by 'NewConnectionError('<urllib3.connection.HTTPConnection object at 0x7a7533263e30>: Failed to establish a new connection: [Errno 111] Connection refused')': /session/7bba5efadde278ba036f4957fc6bebd3/cookie
2026-02-11 14:58:39,492 - urllib3.connectionpool - WARNING - Retrying (Retry(total=1, connect=None, read=None, redirect=None, status=None)) after connection broken by 'NewConnectionError('<urllib3.connection.HTTPConnection object at 0x7a753320c500>: Failed to establish a new connection: [Errno 111] Connection refused')': /session/7bba5efadde278ba036f4957fc6bebd3/cookie
2026-02-11 14:58:39,495 - urllib3.connectionpool - WARNING - Retrying (Retry(total=2, connect=None, read=None, redirect=None, status=None)) after connection broken by 'NewConnectionError('<urllib3.connection.HTTPConnection object at 0x7a753320c320>: Failed to establish a new connection: [Errno 111] Connection refused')': /session/bcaf161c6f4fd49f44acb413a8344a3e/cookie
2026-02-11 14:58:39,496 - urllib3.connectionpool - WARNING - Retrying (Retry(total=1, connect=None, read=None, redirect=None, status=None)) after connection broken by 'NewConnectionError('<urllib3.connection.HTTPConnection object at 0x7a7533239c40>: Failed to establish a new connection: [Errno 111] Connection refused')': /session/bcaf161c6f4fd49f44acb413a8344a3e/cookie
2026-02-11 14:58:39,496 - urllib3.connectionpool - WARNING - Retrying (Retry(total=0, connect=None, read=None, redirect=None, status=None)) after connection broken by 'NewConnectionError('<urllib3.connection.HTTPConnection object at 0x7a753320c6e0>: Failed to establish a new connection: [Errno 111] Connection refused')': /session/7bba5efadde278ba036f4957fc6bebd3/cookie
2026-02-11 14:58:39,497 - urllib3.connectionpool - WARNING - Retrying (Retry(total=0, connect=None, read=None, redirect=None, status=None)) after connection broken by 'NewConnectionError('<urllib3.connection.HTTPConnection object at 0x7a7533263dd0>: Failed to establish a new connection: [Errno 111] Connection refused')': /session/bcaf161c6f4fd49f44acb413a8344a3e/cookie
2026-02-11 14:58:39,498 - auth - WARNING - Failed to add cookie language: HTTPConnectionPool(host='localhost', port=33627): Max retries exceeded with url: /session/bcaf161c6f4fd49f44acb413a8344a3e/cookie (Caused by NewConnectionError('<urllib3.connection.HTTPConnection object at 0x7a7533263b30>: Failed to establish a new connection: [Errno 111] Connection refused'))
2026-02-11 14:58:39,501 - auth - WARNING - Failed to add cookie language: HTTPConnectionPool(host='localhost', port=51455): Max retries exceeded with url: /session/7bba5efadde278ba036f4957fc6bebd3/cookie (Caused by NewConnectionError('<urllib3.connection.HTTPConnection object at 0x7a7533263d40>: Failed to establish a new connection: [Errno 111] Connection refused'))
2026-02-11 14:58:39,502 - urllib3.connectionpool - WARNING - Retrying (Retry(total=2, connect=None, read=None, redirect=None, status=None)) after connection broken by 'NewConnectionError('<urllib3.connection.HTTPConnection object at 0x7a753320c800>: Failed to establish a new connection: [Errno 111] Connection refused')': /session/7bba5efadde278ba036f4957fc6bebd3/cookie
2026-02-11 14:58:39,503 - urllib3.connectionpool - WARNING - Retrying (Retry(total=2, connect=None, read=None, redirect=None, status=None)) after connection broken by 'NewConnectionError('<urllib3.connection.HTTPConnection object at 0x7a7533260f80>: Failed to establish a new connection: [Errno 111] Connection refused')': /session/bcaf161c6f4fd49f44acb413a8344a3e/cookie
2026-02-11 14:58:39,504 - urllib3.connectionpool - WARNING - Retrying (Retry(total=1, connect=None, read=None, redirect=None, status=None)) after connection broken by 'NewConnectionError('<urllib3.connection.HTTPConnection object at 0x7a753320cb00>: Failed to establish a new connection: [Errno 111] Connection refused')': /session/bcaf161c6f4fd49f44acb413a8344a3e/cookie
2026-02-11 14:58:39,504 - urllib3.connectionpool - WARNING - Retrying (Retry(total=0, connect=None, read=None, redirect=None, status=None)) after connection broken by 'NewConnectionError('<urllib3.connection.HTTPConnection object at 0x7a753320cd40>: Failed to establish a new connection: [Errno 111] Connection refused')': /session/bcaf161c6f4fd49f44acb413a8344a3e/cookie
2026-02-11 14:58:39,505 - auth - WARNING - Failed to add cookie dnn_IsMobile: HTTPConnectionPool(host='localhost', port=33627): Max retries exceeded with url: /session/bcaf161c6f4fd49f44acb413a8344a3e/cookie (Caused by NewConnectionError('<urllib3.connection.HTTPConnection object at 0x7a753320cf80>: Failed to establish a new connection: [Errno 111] Connection refused'))
2026-02-11 14:58:39,505 - auth - INFO - Successfully applied 2/6 cookies
2026-02-11 14:58:39,506 - urllib3.connectionpool - WARNING - Retrying (Retry(total=1, connect=None, read=None, redirect=None, status=None)) after connection broken by 'NewConnectionError('<urllib3.connection.HTTPConnection object at 0x7a753320c890>: Failed to establish a new connection: [Errno 111] Connection refused')': /session/7bba5efadde278ba036f4957fc6bebd3/cookie
2026-02-11 14:58:39,507 - urllib3.connectionpool - WARNING - Retrying (Retry(total=0, connect=None, read=None, redirect=None, status=None)) after connection broken by 'NewConnectionError('<urllib3.connection.HTTPConnection object at 0x7a753320d4c0>: Failed to establish a new connection: [Errno 111] Connection refused')': /session/7bba5efadde278ba036f4957fc6bebd3/cookie
2026-02-11 14:58:39,508 - auth - ERROR - Failed to apply cookies: ('Connection aborted.', RemoteDisconnected('Remote end closed connection without response'))
2026-02-11 14:58:39,510 - auth - ERROR - Failed to apply cookies: ('Connection aborted.', RemoteDisconnected('Remote end closed connection without response'))
2026-02-11 14:58:39,512 - __main__ - ERROR - Error scraping https://acukwik.com/Airport-Info/UBBY (attempt 1): ('Connection aborted.', RemoteDisconnected('Remote end closed connection without response'))
2026-02-11 14:58:39,511 - auth - ERROR - Failed to apply cookies: ('Connection aborted.', RemoteDisconnected('Remote end closed connection without response'))
2026-02-11 14:58:39,512 - __main__ - ERROR - Error scraping https://acukwik.com/Airport-Info/VGCB (attempt 1): ('Connection aborted.', RemoteDisconnected('Remote end closed connection without response'))
2026-02-11 14:58:39,513 - __main__ - INFO - Retrying in 5.20 seconds...
2026-02-11 14:58:39,513 - __main__ - ERROR - Error scraping https://acukwik.com/Airport-Info/VGBR (attempt 1): ('Connection aborted.', RemoteDisconnected('Remote end closed connection without response'))
2026-02-11 14:58:39,514 - auth - WARNING - Failed to add cookie dnn_IsMobile: HTTPConnectionPool(host='localhost', port=51455): Max retries exceeded with url: /session/7bba5efadde278ba036f4957fc6bebd3/cookie (Caused by NewConnectionError('<urllib3.connection.HTTPConnection object at 0x7a753323a990>: Failed to establish a new connection: [Errno 111] Connection refused'))
2026-02-11 14:58:39,514 - __main__ - INFO - Retrying in 5.18 seconds...
2026-02-11 14:58:39,515 - auth - WARNING - Failed to add cookie LastPageId: ('Connection aborted.', RemoteDisconnected('Remote end closed connection without response'))
2026-02-11 14:58:39,518 - urllib3.connectionpool - WARNING - Retrying (Retry(total=2, connect=None, read=None, redirect=None, status=None)) after connection broken by 'NewConnectionError('<urllib3.connection.HTTPConnection object at 0x7a753320d280>: Failed to establish a new connection: [Errno 111] Connection refused')': /session/bcaf161c6f4fd49f44acb413a8344a3e/refresh
2026-02-11 14:58:39,516 - __main__ - INFO - Retrying in 5.09 seconds...
2026-02-11 14:58:39,517 - auth - INFO - Successfully applied 3/6 cookies
2026-02-11 14:58:39,519 - urllib3.connectionpool - WARNING - Retrying (Retry(total=1, connect=None, read=None, redirect=None, status=None)) after connection broken by 'NewConnectionError('<urllib3.connection.HTTPConnection object at 0x7a7533263980>: Failed to establish a new connection: [Errno 111] Connection refused')': /session/bcaf161c6f4fd49f44acb413a8344a3e/refresh
2026-02-11 14:58:39,521 - urllib3.connectionpool - WARNING - Retrying (Retry(total=2, connect=None, read=None, redirect=None, status=None)) after connection broken by 'NewConnectionError('<urllib3.connection.HTTPConnection object at 0x7a7533263b30>: Failed to establish a new connection: [Errno 111] Connection refused')': /session/7bba5efadde278ba036f4957fc6bebd3/refresh
2026-02-11 14:58:39,521 - urllib3.connectionpool - WARNING - Retrying (Retry(total=2, connect=None, read=None, redirect=None, status=None)) after connection broken by 'NewConnectionError('<urllib3.connection.HTTPConnection object at 0x7a75332610a0>: Failed to establish a new connection: [Errno 111] Connection refused')': /session/36123c36951241da03889082ebf5696c/cookie
2026-02-11 14:58:39,523 - urllib3.connectionpool - WARNING - Retrying (Retry(total=1, connect=None, read=None, redirect=None, status=None)) after connection broken by 'NewConnectionError('<urllib3.connection.HTTPConnection object at 0x7a753320cf20>: Failed to establish a new connection: [Errno 111] Connection refused')': /session/36123c36951241da03889082ebf5696c/cookie
2026-02-11 14:58:39,522 - urllib3.connectionpool - WARNING - Retrying (Retry(total=0, connect=None, read=None, redirect=None, status=None)) after connection broken by 'NewConnectionError('<urllib3.connection.HTTPConnection object at 0x7a7533262780>: Failed to establish a new connection: [Errno 111] Connection refused')': /session/bcaf161c6f4fd49f44acb413a8344a3e/refresh
2026-02-11 14:58:39,525 - auth - ERROR - Failed to apply cookies: HTTPConnectionPool(host='localhost', port=33627): Max retries exceeded with url: /session/bcaf161c6f4fd49f44acb413a8344a3e/refresh (Caused by NewConnectionError('<urllib3.connection.HTTPConnection object at 0x7a753320cad0>: Failed to establish a new connection: [Errno 111] Connection refused'))
2026-02-11 14:58:39,525 - __main__ - ERROR - Error scraping https://acukwik.com/Airport-Info/UBBN (attempt 1): HTTPConnectionPool(host='localhost', port=33627): Max retries exceeded with url: /session/bcaf161c6f4fd49f44acb413a8344a3e/refresh (Caused by NewConnectionError('<urllib3.connection.HTTPConnection object at 0x7a753320cad0>: Failed to establish a new connection: [Errno 111] Connection refused'))
2026-02-11 14:58:39,525 - __main__ - INFO - Retrying in 5.38 seconds...
2026-02-11 14:58:39,524 - urllib3.connectionpool - WARNING - Retrying (Retry(total=1, connect=None, read=None, redirect=None, status=None)) after connection broken by 'NewConnectionError('<urllib3.connection.HTTPConnection object at 0x7a753320d760>: Failed to establish a new connection: [Errno 111] Connection refused')': /session/7bba5efadde278ba036f4957fc6bebd3/refresh
2026-02-11 14:58:39,526 - auth - ERROR - Failed to apply cookies: ('Connection aborted.', RemoteDisconnected('Remote end closed connection without response'))
2026-02-11 14:58:39,530 - __main__ - ERROR - Error scraping https://acukwik.com/Airport-Info/VGEG (attempt 1): ('Connection aborted.', RemoteDisconnected('Remote end closed connection without response'))
2026-02-11 14:58:39,531 - __main__ - INFO - Retrying in 5.25 seconds...
2026-02-11 14:58:39,530 - urllib3.connectionpool - WARNING - Retrying (Retry(total=0, connect=None, read=None, redirect=None, status=None)) after connection broken by 'NewConnectionError('<urllib3.connection.HTTPConnection object at 0x7a753320cd40>: Failed to establish a new connection: [Errno 111] Connection refused')': /session/36123c36951241da03889082ebf5696c/cookie
2026-02-11 14:58:39,529 - urllib3.connectionpool - WARNING - Retrying (Retry(total=0, connect=None, read=None, redirect=None, status=None)) after connection broken by 'NewConnectionError('<urllib3.connection.HTTPConnection object at 0x7a753320c620>: Failed to establish a new connection: [Errno 111] Connection refused')': /session/7bba5efadde278ba036f4957fc6bebd3/refresh
2026-02-11 14:58:39,532 - auth - WARNING - Failed to add cookie .DOTNETNUKE: HTTPConnectionPool(host='localhost', port=50539): Max retries exceeded with url: /session/36123c36951241da03889082ebf5696c/cookie (Caused by NewConnectionError('<urllib3.connection.HTTPConnection object at 0x7a753320d7f0>: Failed to establish a new connection: [Errno 111] Connection refused'))
2026-02-11 14:58:39,536 - auth - ERROR - Failed to apply cookies: HTTPConnectionPool(host='localhost', port=51455): Max retries exceeded with url: /session/7bba5efadde278ba036f4957fc6bebd3/refresh (Caused by NewConnectionError('<urllib3.connection.HTTPConnection object at 0x7a753320da60>: Failed to establish a new connection: [Errno 111] Connection refused'))
2026-02-11 14:58:39,537 - __main__ - ERROR - Error scraping https://acukwik.com/Airport-Info/UBBQ (attempt 1): HTTPConnectionPool(host='localhost', port=51455): Max retries exceeded with url: /session/7bba5efadde278ba036f4957fc6bebd3/refresh (Caused by NewConnectionError('<urllib3.connection.HTTPConnection object at 0x7a753320da60>: Failed to establish a new connection: [Errno 111] Connection refused'))
2026-02-11 14:58:39,537 - __main__ - INFO - Retrying in 5.48 seconds...
2026-02-11 14:58:39,537 - urllib3.connectionpool - WARNING - Retrying (Retry(total=2, connect=None, read=None, redirect=None, status=None)) after connection broken by 'NewConnectionError('<urllib3.connection.HTTPConnection object at 0x7a753320dca0>: Failed to establish a new connection: [Errno 111] Connection refused')': /session/36123c36951241da03889082ebf5696c/cookie
2026-02-11 14:58:39,539 - urllib3.connectionpool - WARNING - Retrying (Retry(total=1, connect=None, read=None, redirect=None, status=None)) after connection broken by 'NewConnectionError('<urllib3.connection.HTTPConnection object at 0x7a753320dd90>: Failed to establish a new connection: [Errno 111] Connection refused')': /session/36123c36951241da03889082ebf5696c/cookie
2026-02-11 14:58:39,543 - urllib3.connectionpool - WARNING - Retrying (Retry(total=0, connect=None, read=None, redirect=None, status=None)) after connection broken by 'NewConnectionError('<urllib3.connection.HTTPConnection object at 0x7a7533262300>: Failed to establish a new connection: [Errno 111] Connection refused')': /session/36123c36951241da03889082ebf5696c/cookie
2026-02-11 14:58:39,544 - auth - WARNING - Failed to add cookie dnn_IsMobile: ('Connection aborted.', RemoteDisconnected('Remote end closed connection without response'))
2026-02-11 14:58:39,551 - auth - INFO - Successfully applied 5/6 cookies
2026-02-11 14:58:39,552 - urllib3.connectionpool - WARNING - Retrying (Retry(total=2, connect=None, read=None, redirect=None, status=None)) after connection broken by 'NewConnectionError('<urllib3.connection.HTTPConnection object at 0x7a75799a6a20>: Failed to establish a new connection: [Errno 111] Connection refused')': /session/b6218f8251a78abef41d58389be3b0dd/refresh
2026-02-11 14:58:39,554 - auth - WARNING - Failed to add cookie .ASPXANONYMOUS: HTTPConnectionPool(host='localhost', port=50539): Max retries exceeded with url: /session/36123c36951241da03889082ebf5696c/cookie (Caused by NewConnectionError('<urllib3.connection.HTTPConnection object at 0x7a7533261c40>: Failed to establish a new connection: [Errno 111] Connection refused'))
2026-02-11 14:58:39,556 - urllib3.connectionpool - WARNING - Retrying (Retry(total=2, connect=None, read=None, redirect=None, status=None)) after connection broken by 'NewConnectionError('<urllib3.connection.HTTPConnection object at 0x7a753320cda0>: Failed to establish a new connection: [Errno 111] Connection refused')': /session/36123c36951241da03889082ebf5696c/cookie
2026-02-11 14:58:39,559 - urllib3.connectionpool - WARNING - Retrying (Retry(total=1, connect=None, read=None, redirect=None, status=None)) after connection broken by 'NewConnectionError('<urllib3.connection.HTTPConnection object at 0x7a753320d010>: Failed to establish a new connection: [Errno 111] Connection refused')': /session/b6218f8251a78abef41d58389be3b0dd/refresh
2026-02-11 14:58:39,560 - urllib3.connectionpool - WARNING - Retrying (Retry(total=0, connect=None, read=None, redirect=None, status=None)) after connection broken by 'NewConnectionError('<urllib3.connection.HTTPConnection object at 0x7a753320e240>: Failed to establish a new connection: [Errno 111] Connection refused')': /session/b6218f8251a78abef41d58389be3b0dd/refresh
2026-02-11 14:58:39,564 - urllib3.connectionpool - WARNING - Retrying (Retry(total=1, connect=None, read=None, redirect=None, status=None)) after connection broken by 'NewConnectionError('<urllib3.connection.HTTPConnection object at 0x7a753320e090>: Failed to establish a new connection: [Errno 111] Connection refused')': /session/36123c36951241da03889082ebf5696c/cookie
2026-02-11 14:58:39,566 - urllib3.connectionpool - WARNING - Retrying (Retry(total=0, connect=None, read=None, redirect=None, status=None)) after connection broken by 'NewConnectionError('<urllib3.connection.HTTPConnection object at 0x7a753320e720>: Failed to establish a new connection: [Errno 111] Connection refused')': /session/36123c36951241da03889082ebf5696c/cookie
2026-02-11 14:58:39,568 - auth - WARNING - Failed to add cookie __cf_bm: HTTPConnectionPool(host='localhost', port=50539): Max retries exceeded with url: /session/36123c36951241da03889082ebf5696c/cookie (Caused by NewConnectionError('<urllib3.connection.HTTPConnection object at 0x7a753320e960>: Failed to establish a new connection: [Errno 111] Connection refused'))
2026-02-11 14:58:39,568 - auth - ERROR - Failed to apply cookies: HTTPConnectionPool(host='localhost', port=44373): Max retries exceeded with url: /session/b6218f8251a78abef41d58389be3b0dd/refresh (Caused by NewConnectionError('<urllib3.connection.HTTPConnection object at 0x7a753320e4b0>: Failed to establish a new connection: [Errno 111] Connection refused'))
2026-02-11 14:58:39,573 - urllib3.connectionpool - WARNING - Retrying (Retry(total=2, connect=None, read=None, redirect=None, status=None)) after connection broken by 'NewConnectionError('<urllib3.connection.HTTPConnection object at 0x7a753320ed20>: Failed to establish a new connection: [Errno 111] Connection refused')': /session/36123c36951241da03889082ebf5696c/cookie
2026-02-11 14:58:39,573 - __main__ - ERROR - Error scraping https://acukwik.com/Airport-Info/UBBG (attempt 1): HTTPConnectionPool(host='localhost', port=44373): Max retries exceeded with url: /session/b6218f8251a78abef41d58389be3b0dd/refresh (Caused by NewConnectionError('<urllib3.connection.HTTPConnection object at 0x7a753320e4b0>: Failed to establish a new connection: [Errno 111] Connection refused'))
2026-02-11 14:58:39,574 - __main__ - INFO - Retrying in 5.13 seconds...
2026-02-11 14:58:39,575 - urllib3.connectionpool - WARNING - Retrying (Retry(total=1, connect=None, read=None, redirect=None, status=None)) after connection broken by 'NewConnectionError('<urllib3.connection.HTTPConnection object at 0x7a753320ef30>: Failed to establish a new connection: [Errno 111] Connection refused')': /session/36123c36951241da03889082ebf5696c/cookie
2026-02-11 14:58:39,576 - urllib3.connectionpool - WARNING - Retrying (Retry(total=0, connect=None, read=None, redirect=None, status=None)) after connection broken by 'NewConnectionError('<urllib3.connection.HTTPConnection object at 0x7a753320f020>: Failed to establish a new connection: [Errno 111] Connection refused')': /session/36123c36951241da03889082ebf5696c/cookie
2026-02-11 14:58:39,578 - auth - WARNING - Failed to add cookie language: HTTPConnectionPool(host='localhost', port=50539): Max retries exceeded with url: /session/36123c36951241da03889082ebf5696c/cookie (Caused by NewConnectionError('<urllib3.connection.HTTPConnection object at 0x7a7533261bb0>: Failed to establish a new connection: [Errno 111] Connection refused'))
2026-02-11 14:58:39,580 - urllib3.connectionpool - WARNING - Retrying (Retry(total=2, connect=None, read=None, redirect=None, status=None)) after connection broken by 'NewConnectionError('<urllib3.connection.HTTPConnection object at 0x7a7533263020>: Failed to establish a new connection: [Errno 111] Connection refused')': /session/36123c36951241da03889082ebf5696c/cookie
2026-02-11 14:58:39,581 - urllib3.connectionpool - WARNING - Retrying (Retry(total=1, connect=None, read=None, redirect=None, status=None)) after connection broken by 'NewConnectionError('<urllib3.connection.HTTPConnection object at 0x7a753343b440>: Failed to establish a new connection: [Errno 111] Connection refused')': /session/36123c36951241da03889082ebf5696c/cookie
2026-02-11 14:58:39,585 - urllib3.connectionpool - WARNING - Retrying (Retry(total=0, connect=None, read=None, redirect=None, status=None)) after connection broken by 'NewConnectionError('<urllib3.connection.HTTPConnection object at 0x7a753320cd40>: Failed to establish a new connection: [Errno 111] Connection refused')': /session/36123c36951241da03889082ebf5696c/cookie
2026-02-11 14:58:39,589 - auth - WARNING - Failed to add cookie dnn_IsMobile: HTTPConnectionPool(host='localhost', port=50539): Max retries exceeded with url: /session/36123c36951241da03889082ebf5696c/cookie (Caused by NewConnectionError('<urllib3.connection.HTTPConnection object at 0x7a753320e900>: Failed to establish a new connection: [Errno 111] Connection refused'))
2026-02-11 14:58:39,590 - auth - INFO - Successfully applied 0/6 cookies
2026-02-11 14:58:39,591 - urllib3.connectionpool - WARNING - Retrying (Retry(total=2, connect=None, read=None, redirect=None, status=None)) after connection broken by 'NewConnectionError('<urllib3.connection.HTTPConnection object at 0x7a753320e7b0>: Failed to establish a new connection: [Errno 111] Connection refused')': /session/36123c36951241da03889082ebf5696c/refresh
2026-02-11 14:58:39,593 - urllib3.connectionpool - WARNING - Retrying (Retry(total=1, connect=None, read=None, redirect=None, status=None)) after connection broken by 'NewConnectionError('<urllib3.connection.HTTPConnection object at 0x7a753320cfb0>: Failed to establish a new connection: [Errno 111] Connection refused')': /session/36123c36951241da03889082ebf5696c/refresh
2026-02-11 14:58:39,595 - urllib3.connectionpool - WARNING - Retrying (Retry(total=0, connect=None, read=None, redirect=None, status=None)) after connection broken by 'NewConnectionError('<urllib3.connection.HTTPConnection object at 0x7a753320f3e0>: Failed to establish a new connection: [Errno 111] Connection refused')': /session/36123c36951241da03889082ebf5696c/refresh
2026-02-11 14:58:39,598 - auth - ERROR - Failed to apply cookies: HTTPConnectionPool(host='localhost', port=50539): Max retries exceeded with url: /session/36123c36951241da03889082ebf5696c/refresh (Caused by NewConnectionError('<urllib3.connection.HTTPConnection object at 0x7a753320f650>: Failed to establish a new connection: [Errno 111] Connection refused'))
2026-02-11 14:58:39,598 - __main__ - ERROR - Error scraping https://acukwik.com/Airport-Info/UMBB (attempt 1): HTTPConnectionPool(host='localhost', port=50539): Max retries exceeded with url: /session/36123c36951241da03889082ebf5696c/refresh (Caused by NewConnectionError('<urllib3.connection.HTTPConnection object at 0x7a753320f650>: Failed to establish a new connection: [Errno 111] Connection refused'))
2026-02-11 14:58:39,598 - __main__ - INFO - Retrying in 5.26 seconds...
2026-02-11 14:58:39,630 - auth - ERROR - Failed to apply cookies: ('Connection aborted.', RemoteDisconnected('Remote end closed connection without response'))
2026-02-11 14:58:39,630 - __main__ - ERROR - Error scraping https://acukwik.com/Airport-Info/VGBG (attempt 1): ('Connection aborted.', RemoteDisconnected('Remote end closed connection without response'))
2026-02-11 14:58:39,630 - __main__ - INFO - Retrying in 5.14 seconds...
2026-02-11 14:58:39,919 - __main__ - WARNING - Scraping interrupted by user
2026-02-11 14:58:39,920 - output - INFO - All batches flushed
2026-02-11 14:58:39,936 - __main__ - INFO - Scraper shutdown complete
Exception ignored in: <module 'threading' from '/usr/lib/python3.12/threading.py'>
Traceback (most recent call last):
  File "/usr/lib/python3.12/threading.py", line 1592, in _shutdown
    atexit_call()
  File "/usr/lib/python3.12/concurrent/futures/thread.py", line 31, in _python_exit
    t.join()
  File "/usr/lib/python3.12/threading.py", line 1147, in join
    self._wait_for_tstate_lock()
  File "/usr/lib/python3.12/threading.py", line 1167, in _wait_for_tstate_lock
    if lock.acquire(block, timeout):
       ^^^^^^^^^^^^^^^^^^^^^^^^^^^^
KeyboardInterrupt: 
