2026-02-11 14:50:59,520 - __main__ - INFO - Logging initialized. Log file: logs/scraper_20260211_135059.log
2026-02-11 14:50:59,525 - config_loader - INFO - Loaded configuration from: config.yaml
2026-02-11 14:50:59,526 - config_loader - INFO - Configuration validated successfully
2026-02-11 14:50:59,526 - output - INFO - Output writer initialized. Success file: output/scraped_records_20260211_135059.jsonl
2026-02-11 14:50:59,526 - output - INFO - Failed records file: output/failed_records_20260211_135059.jsonl
2026-02-11 14:50:59,526 - progress - INFO - Loaded progress: 0 completed, 1 failed
2026-02-11 14:50:59,526 - progress - INFO - Progress tracker initialized with 0 completed IDs
2026-02-11 14:50:59,526 - __main__ - INFO - Scraper orchestrator initialized for source: acukwik
2026-02-11 14:50:59,526 - __main__ - INFO - ============================================================
2026-02-11 14:50:59,526 - __main__ - INFO - Starting Aviation Data Scraper
2026-02-11 14:50:59,526 - __main__ - INFO - ============================================================
2026-02-11 14:50:59,527 - __main__ - INFO - Using existing cookies (age: 0.0 days)
2026-02-11 14:50:59,527 - __main__ - INFO - Loading input from: ../country_links.csv
2026-02-11 14:50:59,633 - __main__ - INFO - Loaded 25802 records from ../country_links.csv
2026-02-11 14:50:59,633 - __main__ - INFO - Total records loaded: 25802
2026-02-11 14:50:59,633 - __main__ - INFO - Starting parallel scraping with 16 workers
2026-02-11 14:50:59,633 - __main__ - INFO - Total records to process: 25802
2026-02-11 14:51:04,800 - selenium.webdriver.common.selenium_manager - WARNING - Exception managing chrome: error decoding response body
2026-02-11 14:51:04,802 - selenium.webdriver.common.selenium_manager - WARNING - Exception managing chrome: error sending request for url (https://googlechromelabs.github.io/chrome-for-testing/known-good-versions-with-downloads.json)
2026-02-11 14:51:04,854 - selenium.webdriver.common.selenium_manager - WARNING - Exception managing chrome: error decoding response body
2026-02-11 14:51:12,525 - auth - INFO - Loaded 22 cookies from ../cookies.json
2026-02-11 14:51:12,585 - auth - INFO - Loaded 22 cookies from ../cookies.json
2026-02-11 14:51:12,752 - auth - INFO - Loaded 22 cookies from ../cookies.json
2026-02-11 14:51:12,801 - auth - INFO - Loaded 22 cookies from ../cookies.json
2026-02-11 14:51:13,228 - auth - INFO - Loaded 22 cookies from ../cookies.json
2026-02-11 14:51:13,466 - auth - INFO - Loaded 22 cookies from ../cookies.json
2026-02-11 14:51:13,469 - auth - INFO - Loaded 22 cookies from ../cookies.json
2026-02-11 14:51:13,509 - auth - INFO - Loaded 22 cookies from ../cookies.json
2026-02-11 14:51:13,763 - auth - INFO - Loaded 22 cookies from ../cookies.json
2026-02-11 14:51:13,870 - auth - INFO - Loaded 22 cookies from ../cookies.json
2026-02-11 14:51:13,904 - auth - INFO - Loaded 22 cookies from ../cookies.json
2026-02-11 14:51:14,169 - auth - INFO - Loaded 22 cookies from ../cookies.json
2026-02-11 14:51:14,482 - __main__ - ERROR - Error scraping https://acukwik.com/Airport-Info/UMBB (attempt 1): Message: session not created
from disconnected: unable to connect to renderer; For documentation on this error, please visit: https://www.selenium.dev/documentation/webdriver/troubleshooting/errors#sessionnotcreatedexception
Stacktrace:
#0 0x5d4cff1aa70a <unknown>
#1 0x5d4cfec32f92 <unknown>
#2 0x5d4cfec75baf <unknown>
#3 0x5d4cfec707dc <unknown>
#4 0x5d4cfec6c0d7 <unknown>
#5 0x5d4cfecbcc7a <unknown>
#6 0x5d4cfecbc3cc <unknown>
#7 0x5d4cfec796d7 <unknown>
#8 0x5d4cfec7a4c1 <unknown>
#9 0x5d4cff16fcaf <unknown>
#10 0x5d4cff172c9e <unknown>
#11 0x5d4cff15db6e <unknown>
#12 0x5d4cff173439 <unknown>
#13 0x5d4cff146127 <unknown>
#14 0x5d4cff198568 <unknown>
#15 0x5d4cff198793 <unknown>
#16 0x5d4cff1a99e1 <unknown>
#17 0x70ba01132aa4 <unknown>
#18 0x70ba011bfc6c <unknown>

2026-02-11 14:51:14,482 - __main__ - INFO - Retrying in 5.36 seconds...
2026-02-11 14:51:14,579 - auth - INFO - Loaded 22 cookies from ../cookies.json
2026-02-11 14:51:14,739 - auth - INFO - Loaded 22 cookies from ../cookies.json
2026-02-11 14:51:22,348 - __main__ - ERROR - Error scraping https://acukwik.com/Airport-Info/UMBB (attempt 2): Message: Unable to obtain driver for chrome; For documentation on this error, please visit: https://www.selenium.dev/documentation/webdriver/troubleshooting/errors/driver_location

2026-02-11 14:51:22,362 - __main__ - INFO - Retrying in 10.82 seconds...
2026-02-11 14:51:22,400 - auth - ERROR - Failed to apply cookies: ('Connection aborted.', RemoteDisconnected('Remote end closed connection without response'))
2026-02-11 14:51:22,407 - auth - ERROR - Failed to apply cookies: ('Connection aborted.', RemoteDisconnected('Remote end closed connection without response'))
2026-02-11 14:51:22,409 - __main__ - ERROR - Error scraping https://acukwik.com/Airport-Info/UMMG (attempt 1): ('Connection aborted.', RemoteDisconnected('Remote end closed connection without response'))
2026-02-11 14:51:22,422 - __main__ - ERROR - Error scraping https://acukwik.com/Airport-Info/UMLI (attempt 1): ('Connection aborted.', RemoteDisconnected('Remote end closed connection without response'))
2026-02-11 14:51:22,435 - auth - ERROR - Failed to apply cookies: ('Connection aborted.', RemoteDisconnected('Remote end closed connection without response'))
2026-02-11 14:51:22,447 - auth - ERROR - Failed to apply cookies: ('Connection aborted.', RemoteDisconnected('Remote end closed connection without response'))
2026-02-11 14:51:22,448 - __main__ - ERROR - Error scraping https://acukwik.com/Airport-Info/UBBQ (attempt 1): ('Connection aborted.', RemoteDisconnected('Remote end closed connection without response'))
2026-02-11 14:51:22,448 - __main__ - INFO - Retrying in 5.41 seconds...
2026-02-11 14:51:22,423 - auth - ERROR - Failed to apply cookies: ('Connection aborted.', RemoteDisconnected('Remote end closed connection without response'))
2026-02-11 14:51:22,448 - __main__ - ERROR - Error scraping https://acukwik.com/Airport-Info/UBBL (attempt 1): ('Connection aborted.', RemoteDisconnected('Remote end closed connection without response'))
2026-02-11 14:51:22,448 - __main__ - INFO - Retrying in 5.19 seconds...
2026-02-11 14:51:22,429 - __main__ - INFO - Retrying in 5.35 seconds...
2026-02-11 14:51:22,433 - auth - WARNING - Failed to add cookie _sp_id.5f31: ('Connection aborted.', RemoteDisconnected('Remote end closed connection without response'))
2026-02-11 14:51:22,433 - auth - ERROR - Failed to apply cookies: ('Connection aborted.', RemoteDisconnected('Remote end closed connection without response'))
2026-02-11 14:51:22,434 - auth - ERROR - Failed to apply cookies: ('Connection aborted.', RemoteDisconnected('Remote end closed connection without response'))
2026-02-11 14:51:22,423 - auth - ERROR - Failed to apply cookies: ('Connection aborted.', RemoteDisconnected('Remote end closed connection without response'))
2026-02-11 14:51:22,453 - __main__ - ERROR - Error scraping https://acukwik.com/Airport-Info/UBBB (attempt 1): ('Connection aborted.', RemoteDisconnected('Remote end closed connection without response'))
2026-02-11 14:51:22,423 - auth - ERROR - Failed to apply cookies: ('Connection aborted.', RemoteDisconnected('Remote end closed connection without response'))
2026-02-11 14:51:22,448 - __main__ - ERROR - Error scraping https://acukwik.com/Airport-Info/UMMS (attempt 1): ('Connection aborted.', RemoteDisconnected('Remote end closed connection without response'))
2026-02-11 14:51:22,448 - auth - ERROR - Failed to apply cookies: ('Connection aborted.', RemoteDisconnected('Remote end closed connection without response'))
2026-02-11 14:51:22,430 - auth - ERROR - Failed to apply cookies: ('Connection aborted.', RemoteDisconnected('Remote end closed connection without response'))
2026-02-11 14:51:22,456 - __main__ - ERROR - Error scraping https://acukwik.com/Airport-Info/UMIO (attempt 1): ('Connection aborted.', RemoteDisconnected('Remote end closed connection without response'))
2026-02-11 14:51:22,432 - __main__ - ERROR - Error scraping https://acukwik.com/Airport-Info/UMOO (attempt 1): ('Connection aborted.', RemoteDisconnected('Remote end closed connection without response'))
2026-02-11 14:51:22,456 - __main__ - INFO - Retrying in 5.46 seconds...
2026-02-11 14:51:22,435 - auth - ERROR - Failed to apply cookies: ('Connection aborted.', RemoteDisconnected('Remote end closed connection without response'))
2026-02-11 14:51:22,452 - __main__ - ERROR - Error scraping https://acukwik.com/Airport-Info/UBEE (attempt 1): ('Connection aborted.', RemoteDisconnected('Remote end closed connection without response'))
2026-02-11 14:51:22,446 - __main__ - INFO - Retrying in 5.28 seconds...
2026-02-11 14:51:22,453 - __main__ - INFO - Retrying in 5.32 seconds...
2026-02-11 14:51:22,454 - __main__ - ERROR - Error scraping https://acukwik.com/Airport-Info/UBBF (attempt 1): ('Connection aborted.', RemoteDisconnected('Remote end closed connection without response'))
2026-02-11 14:51:22,455 - __main__ - ERROR - Error scraping https://acukwik.com/Airport-Info/UBBN (attempt 1): ('Connection aborted.', RemoteDisconnected('Remote end closed connection without response'))
2026-02-11 14:51:22,455 - __main__ - INFO - Retrying in 5.13 seconds...
2026-02-11 14:51:22,456 - __main__ - ERROR - Error scraping https://acukwik.com/Airport-Info/UMII (attempt 1): ('Connection aborted.', RemoteDisconnected('Remote end closed connection without response'))
2026-02-11 14:51:22,433 - auth - WARNING - Failed to add cookie _sp_id.5f31: ('Connection aborted.', RemoteDisconnected('Remote end closed connection without response'))
2026-02-11 14:51:22,456 - __main__ - INFO - Retrying in 5.04 seconds...
2026-02-11 14:51:22,453 - urllib3.connectionpool - WARNING - Retrying (Retry(total=2, connect=None, read=None, redirect=None, status=None)) after connection broken by 'NewConnectionError("HTTPConnection(host='localhost', port=51427): Failed to establish a new connection: [Errno 111] Connection refused")': /session/6f33a5fba206046c604019d51105a2aa/cookie
2026-02-11 14:51:22,457 - __main__ - ERROR - Error scraping https://acukwik.com/Airport-Info/UBBG (attempt 1): ('Connection aborted.', RemoteDisconnected('Remote end closed connection without response'))
2026-02-11 14:51:22,458 - __main__ - INFO - Retrying in 5.15 seconds...
2026-02-11 14:51:22,458 - __main__ - INFO - Retrying in 5.20 seconds...
2026-02-11 14:51:22,458 - __main__ - INFO - Retrying in 5.48 seconds...
2026-02-11 14:51:22,460 - urllib3.connectionpool - WARNING - Retrying (Retry(total=2, connect=None, read=None, redirect=None, status=None)) after connection broken by 'NewConnectionError("HTTPConnection(host='localhost', port=50751): Failed to establish a new connection: [Errno 111] Connection refused")': /session/0537500dd16a4e1059b8a3e3f773c4d6/cookie
2026-02-11 14:51:22,461 - urllib3.connectionpool - WARNING - Retrying (Retry(total=1, connect=None, read=None, redirect=None, status=None)) after connection broken by 'NewConnectionError("HTTPConnection(host='localhost', port=50751): Failed to establish a new connection: [Errno 111] Connection refused")': /session/0537500dd16a4e1059b8a3e3f773c4d6/cookie
2026-02-11 14:51:22,461 - urllib3.connectionpool - WARNING - Retrying (Retry(total=0, connect=None, read=None, redirect=None, status=None)) after connection broken by 'NewConnectionError("HTTPConnection(host='localhost', port=50751): Failed to establish a new connection: [Errno 111] Connection refused")': /session/0537500dd16a4e1059b8a3e3f773c4d6/cookie
2026-02-11 14:51:22,462 - __main__ - INFO - Retrying in 5.42 seconds...
2026-02-11 14:51:22,463 - urllib3.connectionpool - WARNING - Retrying (Retry(total=1, connect=None, read=None, redirect=None, status=None)) after connection broken by 'NewConnectionError("HTTPConnection(host='localhost', port=51427): Failed to establish a new connection: [Errno 111] Connection refused")': /session/6f33a5fba206046c604019d51105a2aa/cookie
2026-02-11 14:51:22,464 - urllib3.connectionpool - WARNING - Retrying (Retry(total=0, connect=None, read=None, redirect=None, status=None)) after connection broken by 'NewConnectionError("HTTPConnection(host='localhost', port=51427): Failed to establish a new connection: [Errno 111] Connection refused")': /session/6f33a5fba206046c604019d51105a2aa/cookie
2026-02-11 14:51:22,465 - auth - WARNING - Failed to add cookie acu_login_success: HTTPConnectionPool(host='localhost', port=51427): Max retries exceeded with url: /session/6f33a5fba206046c604019d51105a2aa/cookie (Caused by NewConnectionError("HTTPConnection(host='localhost', port=51427): Failed to establish a new connection: [Errno 111] Connection refused"))
2026-02-11 14:51:22,466 - __main__ - INFO - Retrying in 5.47 seconds...
2026-02-11 14:51:22,466 - auth - WARNING - Failed to add cookie acu_login_success: HTTPConnectionPool(host='localhost', port=50751): Max retries exceeded with url: /session/0537500dd16a4e1059b8a3e3f773c4d6/cookie (Caused by NewConnectionError("HTTPConnection(host='localhost', port=50751): Failed to establish a new connection: [Errno 111] Connection refused"))
2026-02-11 14:51:22,469 - urllib3.connectionpool - WARNING - Retrying (Retry(total=2, connect=None, read=None, redirect=None, status=None)) after connection broken by 'NewConnectionError("HTTPConnection(host='localhost', port=50751): Failed to establish a new connection: [Errno 111] Connection refused")': /session/0537500dd16a4e1059b8a3e3f773c4d6/cookie
2026-02-11 14:51:22,470 - urllib3.connectionpool - WARNING - Retrying (Retry(total=1, connect=None, read=None, redirect=None, status=None)) after connection broken by 'NewConnectionError("HTTPConnection(host='localhost', port=50751): Failed to establish a new connection: [Errno 111] Connection refused")': /session/0537500dd16a4e1059b8a3e3f773c4d6/cookie
2026-02-11 14:51:22,472 - urllib3.connectionpool - WARNING - Retrying (Retry(total=2, connect=None, read=None, redirect=None, status=None)) after connection broken by 'NewConnectionError("HTTPConnection(host='localhost', port=51427): Failed to establish a new connection: [Errno 111] Connection refused")': /session/6f33a5fba206046c604019d51105a2aa/cookie
2026-02-11 14:51:22,474 - urllib3.connectionpool - WARNING - Retrying (Retry(total=0, connect=None, read=None, redirect=None, status=None)) after connection broken by 'NewConnectionError("HTTPConnection(host='localhost', port=50751): Failed to establish a new connection: [Errno 111] Connection refused")': /session/0537500dd16a4e1059b8a3e3f773c4d6/cookie
2026-02-11 14:51:22,475 - auth - WARNING - Failed to add cookie _td_global: HTTPConnectionPool(host='localhost', port=50751): Max retries exceeded with url: /session/0537500dd16a4e1059b8a3e3f773c4d6/cookie (Caused by NewConnectionError("HTTPConnection(host='localhost', port=50751): Failed to establish a new connection: [Errno 111] Connection refused"))
2026-02-11 14:51:22,476 - urllib3.connectionpool - WARNING - Retrying (Retry(total=1, connect=None, read=None, redirect=None, status=None)) after connection broken by 'NewConnectionError("HTTPConnection(host='localhost', port=51427): Failed to establish a new connection: [Errno 111] Connection refused")': /session/6f33a5fba206046c604019d51105a2aa/cookie
2026-02-11 14:51:22,477 - urllib3.connectionpool - WARNING - Retrying (Retry(total=0, connect=None, read=None, redirect=None, status=None)) after connection broken by 'NewConnectionError("HTTPConnection(host='localhost', port=51427): Failed to establish a new connection: [Errno 111] Connection refused")': /session/6f33a5fba206046c604019d51105a2aa/cookie
2026-02-11 14:51:22,478 - urllib3.connectionpool - WARNING - Retrying (Retry(total=2, connect=None, read=None, redirect=None, status=None)) after connection broken by 'NewConnectionError("HTTPConnection(host='localhost', port=50751): Failed to establish a new connection: [Errno 111] Connection refused")': /session/0537500dd16a4e1059b8a3e3f773c4d6/cookie
2026-02-11 14:51:22,479 - urllib3.connectionpool - WARNING - Retrying (Retry(total=1, connect=None, read=None, redirect=None, status=None)) after connection broken by 'NewConnectionError("HTTPConnection(host='localhost', port=50751): Failed to establish a new connection: [Errno 111] Connection refused")': /session/0537500dd16a4e1059b8a3e3f773c4d6/cookie
2026-02-11 14:51:22,480 - auth - WARNING - Failed to add cookie _td_global: HTTPConnectionPool(host='localhost', port=51427): Max retries exceeded with url: /session/6f33a5fba206046c604019d51105a2aa/cookie (Caused by NewConnectionError("HTTPConnection(host='localhost', port=51427): Failed to establish a new connection: [Errno 111] Connection refused"))
2026-02-11 14:51:22,483 - urllib3.connectionpool - WARNING - Retrying (Retry(total=0, connect=None, read=None, redirect=None, status=None)) after connection broken by 'NewConnectionError("HTTPConnection(host='localhost', port=50751): Failed to establish a new connection: [Errno 111] Connection refused")': /session/0537500dd16a4e1059b8a3e3f773c4d6/cookie
2026-02-11 14:51:22,485 - urllib3.connectionpool - WARNING - Retrying (Retry(total=2, connect=None, read=None, redirect=None, status=None)) after connection broken by 'NewConnectionError("HTTPConnection(host='localhost', port=51427): Failed to establish a new connection: [Errno 111] Connection refused")': /session/6f33a5fba206046c604019d51105a2aa/cookie
2026-02-11 14:51:22,486 - auth - WARNING - Failed to add cookie _iris_duid: HTTPConnectionPool(host='localhost', port=50751): Max retries exceeded with url: /session/0537500dd16a4e1059b8a3e3f773c4d6/cookie (Caused by NewConnectionError("HTTPConnection(host='localhost', port=50751): Failed to establish a new connection: [Errno 111] Connection refused"))
2026-02-11 14:51:22,487 - urllib3.connectionpool - WARNING - Retrying (Retry(total=1, connect=None, read=None, redirect=None, status=None)) after connection broken by 'NewConnectionError("HTTPConnection(host='localhost', port=51427): Failed to establish a new connection: [Errno 111] Connection refused")': /session/6f33a5fba206046c604019d51105a2aa/cookie
2026-02-11 14:51:22,489 - urllib3.connectionpool - WARNING - Retrying (Retry(total=2, connect=None, read=None, redirect=None, status=None)) after connection broken by 'NewConnectionError("HTTPConnection(host='localhost', port=50751): Failed to establish a new connection: [Errno 111] Connection refused")': /session/0537500dd16a4e1059b8a3e3f773c4d6/cookie
2026-02-11 14:51:22,490 - urllib3.connectionpool - WARNING - Retrying (Retry(total=0, connect=None, read=None, redirect=None, status=None)) after connection broken by 'NewConnectionError("HTTPConnection(host='localhost', port=51427): Failed to establish a new connection: [Errno 111] Connection refused")': /session/6f33a5fba206046c604019d51105a2aa/cookie
2026-02-11 14:51:22,491 - urllib3.connectionpool - WARNING - Retrying (Retry(total=1, connect=None, read=None, redirect=None, status=None)) after connection broken by 'NewConnectionError("HTTPConnection(host='localhost', port=50751): Failed to establish a new connection: [Errno 111] Connection refused")': /session/0537500dd16a4e1059b8a3e3f773c4d6/cookie
2026-02-11 14:51:22,493 - auth - WARNING - Failed to add cookie _iris_duid: HTTPConnectionPool(host='localhost', port=51427): Max retries exceeded with url: /session/6f33a5fba206046c604019d51105a2aa/cookie (Caused by NewConnectionError("HTTPConnection(host='localhost', port=51427): Failed to establish a new connection: [Errno 111] Connection refused"))
2026-02-11 14:51:22,493 - urllib3.connectionpool - WARNING - Retrying (Retry(total=0, connect=None, read=None, redirect=None, status=None)) after connection broken by 'NewConnectionError("HTTPConnection(host='localhost', port=50751): Failed to establish a new connection: [Errno 111] Connection refused")': /session/0537500dd16a4e1059b8a3e3f773c4d6/cookie
2026-02-11 14:51:22,494 - urllib3.connectionpool - WARNING - Retrying (Retry(total=2, connect=None, read=None, redirect=None, status=None)) after connection broken by 'NewConnectionError("HTTPConnection(host='localhost', port=51427): Failed to establish a new connection: [Errno 111] Connection refused")': /session/6f33a5fba206046c604019d51105a2aa/cookie
2026-02-11 14:51:22,497 - auth - WARNING - Failed to add cookie __eoi: HTTPConnectionPool(host='localhost', port=50751): Max retries exceeded with url: /session/0537500dd16a4e1059b8a3e3f773c4d6/cookie (Caused by NewConnectionError("HTTPConnection(host='localhost', port=50751): Failed to establish a new connection: [Errno 111] Connection refused"))
2026-02-11 14:51:22,497 - urllib3.connectionpool - WARNING - Retrying (Retry(total=1, connect=None, read=None, redirect=None, status=None)) after connection broken by 'NewConnectionError("HTTPConnection(host='localhost', port=51427): Failed to establish a new connection: [Errno 111] Connection refused")': /session/6f33a5fba206046c604019d51105a2aa/cookie
2026-02-11 14:51:22,500 - urllib3.connectionpool - WARNING - Retrying (Retry(total=2, connect=None, read=None, redirect=None, status=None)) after connection broken by 'NewConnectionError("HTTPConnection(host='localhost', port=50751): Failed to establish a new connection: [Errno 111] Connection refused")': /session/0537500dd16a4e1059b8a3e3f773c4d6/cookie
2026-02-11 14:51:22,508 - urllib3.connectionpool - WARNING - Retrying (Retry(total=0, connect=None, read=None, redirect=None, status=None)) after connection broken by 'NewConnectionError("HTTPConnection(host='localhost', port=51427): Failed to establish a new connection: [Errno 111] Connection refused")': /session/6f33a5fba206046c604019d51105a2aa/cookie
2026-02-11 14:51:22,508 - urllib3.connectionpool - WARNING - Retrying (Retry(total=1, connect=None, read=None, redirect=None, status=None)) after connection broken by 'NewConnectionError("HTTPConnection(host='localhost', port=50751): Failed to establish a new connection: [Errno 111] Connection refused")': /session/0537500dd16a4e1059b8a3e3f773c4d6/cookie
2026-02-11 14:51:22,533 - urllib3.connectionpool - WARNING - Retrying (Retry(total=0, connect=None, read=None, redirect=None, status=None)) after connection broken by 'NewConnectionError("HTTPConnection(host='localhost', port=50751): Failed to establish a new connection: [Errno 111] Connection refused")': /session/0537500dd16a4e1059b8a3e3f773c4d6/cookie
2026-02-11 14:51:22,534 - auth - WARNING - Failed to add cookie __eoi: HTTPConnectionPool(host='localhost', port=51427): Max retries exceeded with url: /session/6f33a5fba206046c604019d51105a2aa/cookie (Caused by NewConnectionError("HTTPConnection(host='localhost', port=51427): Failed to establish a new connection: [Errno 111] Connection refused"))
2026-02-11 14:51:22,539 - urllib3.connectionpool - WARNING - Retrying (Retry(total=2, connect=None, read=None, redirect=None, status=None)) after connection broken by 'NewConnectionError("HTTPConnection(host='localhost', port=51427): Failed to establish a new connection: [Errno 111] Connection refused")': /session/6f33a5fba206046c604019d51105a2aa/cookie
2026-02-11 14:51:22,540 - auth - WARNING - Failed to add cookie s_sq: HTTPConnectionPool(host='localhost', port=50751): Max retries exceeded with url: /session/0537500dd16a4e1059b8a3e3f773c4d6/cookie (Caused by NewConnectionError("HTTPConnection(host='localhost', port=50751): Failed to establish a new connection: [Errno 111] Connection refused"))
2026-02-11 14:51:22,541 - urllib3.connectionpool - WARNING - Retrying (Retry(total=2, connect=None, read=None, redirect=None, status=None)) after connection broken by 'NewConnectionError("HTTPConnection(host='localhost', port=50751): Failed to establish a new connection: [Errno 111] Connection refused")': /session/0537500dd16a4e1059b8a3e3f773c4d6/cookie
2026-02-11 14:51:22,542 - urllib3.connectionpool - WARNING - Retrying (Retry(total=1, connect=None, read=None, redirect=None, status=None)) after connection broken by 'NewConnectionError("HTTPConnection(host='localhost', port=51427): Failed to establish a new connection: [Errno 111] Connection refused")': /session/6f33a5fba206046c604019d51105a2aa/cookie
2026-02-11 14:51:22,543 - urllib3.connectionpool - WARNING - Retrying (Retry(total=1, connect=None, read=None, redirect=None, status=None)) after connection broken by 'NewConnectionError("HTTPConnection(host='localhost', port=50751): Failed to establish a new connection: [Errno 111] Connection refused")': /session/0537500dd16a4e1059b8a3e3f773c4d6/cookie
2026-02-11 14:51:22,545 - urllib3.connectionpool - WARNING - Retrying (Retry(total=0, connect=None, read=None, redirect=None, status=None)) after connection broken by 'NewConnectionError("HTTPConnection(host='localhost', port=50751): Failed to establish a new connection: [Errno 111] Connection refused")': /session/0537500dd16a4e1059b8a3e3f773c4d6/cookie
2026-02-11 14:51:22,544 - urllib3.connectionpool - WARNING - Retrying (Retry(total=0, connect=None, read=None, redirect=None, status=None)) after connection broken by 'NewConnectionError("HTTPConnection(host='localhost', port=51427): Failed to establish a new connection: [Errno 111] Connection refused")': /session/6f33a5fba206046c604019d51105a2aa/cookie
2026-02-11 14:51:22,546 - auth - WARNING - Failed to add cookie s_sq: HTTPConnectionPool(host='localhost', port=51427): Max retries exceeded with url: /session/6f33a5fba206046c604019d51105a2aa/cookie (Caused by NewConnectionError("HTTPConnection(host='localhost', port=51427): Failed to establish a new connection: [Errno 111] Connection refused"))
2026-02-11 14:51:22,547 - auth - WARNING - Failed to add cookie __gpi: HTTPConnectionPool(host='localhost', port=50751): Max retries exceeded with url: /session/0537500dd16a4e1059b8a3e3f773c4d6/cookie (Caused by NewConnectionError("HTTPConnection(host='localhost', port=50751): Failed to establish a new connection: [Errno 111] Connection refused"))
2026-02-11 14:51:22,549 - urllib3.connectionpool - WARNING - Retrying (Retry(total=2, connect=None, read=None, redirect=None, status=None)) after connection broken by 'NewConnectionError("HTTPConnection(host='localhost', port=50751): Failed to establish a new connection: [Errno 111] Connection refused")': /session/0537500dd16a4e1059b8a3e3f773c4d6/cookie
2026-02-11 14:51:22,550 - urllib3.connectionpool - WARNING - Retrying (Retry(total=2, connect=None, read=None, redirect=None, status=None)) after connection broken by 'NewConnectionError("HTTPConnection(host='localhost', port=51427): Failed to establish a new connection: [Errno 111] Connection refused")': /session/6f33a5fba206046c604019d51105a2aa/cookie
2026-02-11 14:51:22,553 - urllib3.connectionpool - WARNING - Retrying (Retry(total=1, connect=None, read=None, redirect=None, status=None)) after connection broken by 'NewConnectionError("HTTPConnection(host='localhost', port=51427): Failed to establish a new connection: [Errno 111] Connection refused")': /session/6f33a5fba206046c604019d51105a2aa/cookie
2026-02-11 14:51:22,554 - urllib3.connectionpool - WARNING - Retrying (Retry(total=1, connect=None, read=None, redirect=None, status=None)) after connection broken by 'NewConnectionError("HTTPConnection(host='localhost', port=50751): Failed to establish a new connection: [Errno 111] Connection refused")': /session/0537500dd16a4e1059b8a3e3f773c4d6/cookie
2026-02-11 14:51:22,555 - urllib3.connectionpool - WARNING - Retrying (Retry(total=0, connect=None, read=None, redirect=None, status=None)) after connection broken by 'NewConnectionError("HTTPConnection(host='localhost', port=51427): Failed to establish a new connection: [Errno 111] Connection refused")': /session/6f33a5fba206046c604019d51105a2aa/cookie
2026-02-11 14:51:22,563 - urllib3.connectionpool - WARNING - Retrying (Retry(total=0, connect=None, read=None, redirect=None, status=None)) after connection broken by 'NewConnectionError("HTTPConnection(host='localhost', port=50751): Failed to establish a new connection: [Errno 111] Connection refused")': /session/0537500dd16a4e1059b8a3e3f773c4d6/cookie
2026-02-11 14:51:22,565 - auth - WARNING - Failed to add cookie __gpi: HTTPConnectionPool(host='localhost', port=51427): Max retries exceeded with url: /session/6f33a5fba206046c604019d51105a2aa/cookie (Caused by NewConnectionError("HTTPConnection(host='localhost', port=51427): Failed to establish a new connection: [Errno 111] Connection refused"))
2026-02-11 14:51:22,569 - auth - WARNING - Failed to add cookie __gads: HTTPConnectionPool(host='localhost', port=50751): Max retries exceeded with url: /session/0537500dd16a4e1059b8a3e3f773c4d6/cookie (Caused by NewConnectionError("HTTPConnection(host='localhost', port=50751): Failed to establish a new connection: [Errno 111] Connection refused"))
2026-02-11 14:51:22,570 - urllib3.connectionpool - WARNING - Retrying (Retry(total=2, connect=None, read=None, redirect=None, status=None)) after connection broken by 'NewConnectionError("HTTPConnection(host='localhost', port=51427): Failed to establish a new connection: [Errno 111] Connection refused")': /session/6f33a5fba206046c604019d51105a2aa/cookie
2026-02-11 14:51:22,580 - urllib3.connectionpool - WARNING - Retrying (Retry(total=2, connect=None, read=None, redirect=None, status=None)) after connection broken by 'NewConnectionError("HTTPConnection(host='localhost', port=50751): Failed to establish a new connection: [Errno 111] Connection refused")': /session/0537500dd16a4e1059b8a3e3f773c4d6/cookie
2026-02-11 14:51:22,582 - urllib3.connectionpool - WARNING - Retrying (Retry(total=1, connect=None, read=None, redirect=None, status=None)) after connection broken by 'NewConnectionError("HTTPConnection(host='localhost', port=50751): Failed to establish a new connection: [Errno 111] Connection refused")': /session/0537500dd16a4e1059b8a3e3f773c4d6/cookie
2026-02-11 14:51:22,583 - urllib3.connectionpool - WARNING - Retrying (Retry(total=1, connect=None, read=None, redirect=None, status=None)) after connection broken by 'NewConnectionError("HTTPConnection(host='localhost', port=51427): Failed to establish a new connection: [Errno 111] Connection refused")': /session/6f33a5fba206046c604019d51105a2aa/cookie
2026-02-11 14:51:22,588 - urllib3.connectionpool - WARNING - Retrying (Retry(total=0, connect=None, read=None, redirect=None, status=None)) after connection broken by 'NewConnectionError("HTTPConnection(host='localhost', port=50751): Failed to establish a new connection: [Errno 111] Connection refused")': /session/0537500dd16a4e1059b8a3e3f773c4d6/cookie
2026-02-11 14:51:22,588 - urllib3.connectionpool - WARNING - Retrying (Retry(total=0, connect=None, read=None, redirect=None, status=None)) after connection broken by 'NewConnectionError("HTTPConnection(host='localhost', port=51427): Failed to establish a new connection: [Errno 111] Connection refused")': /session/6f33a5fba206046c604019d51105a2aa/cookie
2026-02-11 14:51:22,591 - auth - WARNING - Failed to add cookie __gads: HTTPConnectionPool(host='localhost', port=51427): Max retries exceeded with url: /session/6f33a5fba206046c604019d51105a2aa/cookie (Caused by NewConnectionError("HTTPConnection(host='localhost', port=51427): Failed to establish a new connection: [Errno 111] Connection refused"))
2026-02-11 14:51:22,592 - auth - WARNING - Failed to add cookie sp: HTTPConnectionPool(host='localhost', port=50751): Max retries exceeded with url: /session/0537500dd16a4e1059b8a3e3f773c4d6/cookie (Caused by NewConnectionError("HTTPConnection(host='localhost', port=50751): Failed to establish a new connection: [Errno 111] Connection refused"))
2026-02-11 14:51:22,595 - urllib3.connectionpool - WARNING - Retrying (Retry(total=2, connect=None, read=None, redirect=None, status=None)) after connection broken by 'NewConnectionError("HTTPConnection(host='localhost', port=51427): Failed to establish a new connection: [Errno 111] Connection refused")': /session/6f33a5fba206046c604019d51105a2aa/cookie
2026-02-11 14:51:22,597 - urllib3.connectionpool - WARNING - Retrying (Retry(total=1, connect=None, read=None, redirect=None, status=None)) after connection broken by 'NewConnectionError("HTTPConnection(host='localhost', port=51427): Failed to establish a new connection: [Errno 111] Connection refused")': /session/6f33a5fba206046c604019d51105a2aa/cookie
2026-02-11 14:51:22,596 - urllib3.connectionpool - WARNING - Retrying (Retry(total=2, connect=None, read=None, redirect=None, status=None)) after connection broken by 'NewConnectionError("HTTPConnection(host='localhost', port=50751): Failed to establish a new connection: [Errno 111] Connection refused")': /session/0537500dd16a4e1059b8a3e3f773c4d6/cookie
2026-02-11 14:51:22,599 - urllib3.connectionpool - WARNING - Retrying (Retry(total=1, connect=None, read=None, redirect=None, status=None)) after connection broken by 'NewConnectionError("HTTPConnection(host='localhost', port=50751): Failed to establish a new connection: [Errno 111] Connection refused")': /session/0537500dd16a4e1059b8a3e3f773c4d6/cookie
2026-02-11 14:51:22,600 - urllib3.connectionpool - WARNING - Retrying (Retry(total=0, connect=None, read=None, redirect=None, status=None)) after connection broken by 'NewConnectionError("HTTPConnection(host='localhost', port=50751): Failed to establish a new connection: [Errno 111] Connection refused")': /session/0537500dd16a4e1059b8a3e3f773c4d6/cookie
2026-02-11 14:51:22,600 - auth - WARNING - Failed to add cookie dnn_IsMobile: HTTPConnectionPool(host='localhost', port=50751): Max retries exceeded with url: /session/0537500dd16a4e1059b8a3e3f773c4d6/cookie (Caused by NewConnectionError("HTTPConnection(host='localhost', port=50751): Failed to establish a new connection: [Errno 111] Connection refused"))
2026-02-11 14:51:22,598 - urllib3.connectionpool - WARNING - Retrying (Retry(total=0, connect=None, read=None, redirect=None, status=None)) after connection broken by 'NewConnectionError("HTTPConnection(host='localhost', port=51427): Failed to establish a new connection: [Errno 111] Connection refused")': /session/6f33a5fba206046c604019d51105a2aa/cookie
2026-02-11 14:51:22,603 - urllib3.connectionpool - WARNING - Retrying (Retry(total=2, connect=None, read=None, redirect=None, status=None)) after connection broken by 'NewConnectionError("HTTPConnection(host='localhost', port=50751): Failed to establish a new connection: [Errno 111] Connection refused")': /session/0537500dd16a4e1059b8a3e3f773c4d6/cookie
2026-02-11 14:51:22,609 - auth - WARNING - Failed to add cookie sp: HTTPConnectionPool(host='localhost', port=51427): Max retries exceeded with url: /session/6f33a5fba206046c604019d51105a2aa/cookie (Caused by NewConnectionError("HTTPConnection(host='localhost', port=51427): Failed to establish a new connection: [Errno 111] Connection refused"))
2026-02-11 14:51:22,611 - urllib3.connectionpool - WARNING - Retrying (Retry(total=1, connect=None, read=None, redirect=None, status=None)) after connection broken by 'NewConnectionError("HTTPConnection(host='localhost', port=50751): Failed to establish a new connection: [Errno 111] Connection refused")': /session/0537500dd16a4e1059b8a3e3f773c4d6/cookie
2026-02-11 14:51:22,612 - urllib3.connectionpool - WARNING - Retrying (Retry(total=2, connect=None, read=None, redirect=None, status=None)) after connection broken by 'NewConnectionError("HTTPConnection(host='localhost', port=51427): Failed to establish a new connection: [Errno 111] Connection refused")': /session/6f33a5fba206046c604019d51105a2aa/cookie
2026-02-11 14:51:22,613 - urllib3.connectionpool - WARNING - Retrying (Retry(total=0, connect=None, read=None, redirect=None, status=None)) after connection broken by 'NewConnectionError("HTTPConnection(host='localhost', port=50751): Failed to establish a new connection: [Errno 111] Connection refused")': /session/0537500dd16a4e1059b8a3e3f773c4d6/cookie
2026-02-11 14:51:22,614 - auth - WARNING - Failed to add cookie .ASPXANONYMOUS: HTTPConnectionPool(host='localhost', port=50751): Max retries exceeded with url: /session/0537500dd16a4e1059b8a3e3f773c4d6/cookie (Caused by NewConnectionError("HTTPConnection(host='localhost', port=50751): Failed to establish a new connection: [Errno 111] Connection refused"))
2026-02-11 14:51:22,614 - urllib3.connectionpool - WARNING - Retrying (Retry(total=1, connect=None, read=None, redirect=None, status=None)) after connection broken by 'NewConnectionError("HTTPConnection(host='localhost', port=51427): Failed to establish a new connection: [Errno 111] Connection refused")': /session/6f33a5fba206046c604019d51105a2aa/cookie
2026-02-11 14:51:22,616 - urllib3.connectionpool - WARNING - Retrying (Retry(total=2, connect=None, read=None, redirect=None, status=None)) after connection broken by 'NewConnectionError("HTTPConnection(host='localhost', port=50751): Failed to establish a new connection: [Errno 111] Connection refused")': /session/0537500dd16a4e1059b8a3e3f773c4d6/cookie
2026-02-11 14:51:22,617 - urllib3.connectionpool - WARNING - Retrying (Retry(total=0, connect=None, read=None, redirect=None, status=None)) after connection broken by 'NewConnectionError("HTTPConnection(host='localhost', port=51427): Failed to establish a new connection: [Errno 111] Connection refused")': /session/6f33a5fba206046c604019d51105a2aa/cookie
2026-02-11 14:51:22,619 - auth - WARNING - Failed to add cookie dnn_IsMobile: HTTPConnectionPool(host='localhost', port=51427): Max retries exceeded with url: /session/6f33a5fba206046c604019d51105a2aa/cookie (Caused by NewConnectionError("HTTPConnection(host='localhost', port=51427): Failed to establish a new connection: [Errno 111] Connection refused"))
2026-02-11 14:51:22,620 - urllib3.connectionpool - WARNING - Retrying (Retry(total=2, connect=None, read=None, redirect=None, status=None)) after connection broken by 'NewConnectionError("HTTPConnection(host='localhost', port=51427): Failed to establish a new connection: [Errno 111] Connection refused")': /session/6f33a5fba206046c604019d51105a2aa/cookie
2026-02-11 14:51:22,618 - urllib3.connectionpool - WARNING - Retrying (Retry(total=1, connect=None, read=None, redirect=None, status=None)) after connection broken by 'NewConnectionError("HTTPConnection(host='localhost', port=50751): Failed to establish a new connection: [Errno 111] Connection refused")': /session/0537500dd16a4e1059b8a3e3f773c4d6/cookie
2026-02-11 14:51:22,622 - urllib3.connectionpool - WARNING - Retrying (Retry(total=0, connect=None, read=None, redirect=None, status=None)) after connection broken by 'NewConnectionError("HTTPConnection(host='localhost', port=50751): Failed to establish a new connection: [Errno 111] Connection refused")': /session/0537500dd16a4e1059b8a3e3f773c4d6/cookie
2026-02-11 14:51:22,623 - auth - WARNING - Failed to add cookie AMCV_DD4C6A00570E3C0F7F000101%40AdobeOrg: HTTPConnectionPool(host='localhost', port=50751): Max retries exceeded with url: /session/0537500dd16a4e1059b8a3e3f773c4d6/cookie (Caused by NewConnectionError("HTTPConnection(host='localhost', port=50751): Failed to establish a new connection: [Errno 111] Connection refused"))
2026-02-11 14:51:22,624 - urllib3.connectionpool - WARNING - Retrying (Retry(total=1, connect=None, read=None, redirect=None, status=None)) after connection broken by 'NewConnectionError("HTTPConnection(host='localhost', port=51427): Failed to establish a new connection: [Errno 111] Connection refused")': /session/6f33a5fba206046c604019d51105a2aa/cookie
2026-02-11 14:51:22,625 - urllib3.connectionpool - WARNING - Retrying (Retry(total=0, connect=None, read=None, redirect=None, status=None)) after connection broken by 'NewConnectionError("HTTPConnection(host='localhost', port=51427): Failed to establish a new connection: [Errno 111] Connection refused")': /session/6f33a5fba206046c604019d51105a2aa/cookie
2026-02-11 14:51:22,626 - auth - WARNING - Failed to add cookie .ASPXANONYMOUS: HTTPConnectionPool(host='localhost', port=51427): Max retries exceeded with url: /session/6f33a5fba206046c604019d51105a2aa/cookie (Caused by NewConnectionError("HTTPConnection(host='localhost', port=51427): Failed to establish a new connection: [Errno 111] Connection refused"))
2026-02-11 14:51:22,627 - urllib3.connectionpool - WARNING - Retrying (Retry(total=2, connect=None, read=None, redirect=None, status=None)) after connection broken by 'NewConnectionError("HTTPConnection(host='localhost', port=50751): Failed to establish a new connection: [Errno 111] Connection refused")': /session/0537500dd16a4e1059b8a3e3f773c4d6/cookie
2026-02-11 14:51:22,629 - urllib3.connectionpool - WARNING - Retrying (Retry(total=1, connect=None, read=None, redirect=None, status=None)) after connection broken by 'NewConnectionError("HTTPConnection(host='localhost', port=50751): Failed to establish a new connection: [Errno 111] Connection refused")': /session/0537500dd16a4e1059b8a3e3f773c4d6/cookie
2026-02-11 14:51:22,630 - urllib3.connectionpool - WARNING - Retrying (Retry(total=2, connect=None, read=None, redirect=None, status=None)) after connection broken by 'NewConnectionError("HTTPConnection(host='localhost', port=51427): Failed to establish a new connection: [Errno 111] Connection refused")': /session/6f33a5fba206046c604019d51105a2aa/cookie
2026-02-11 14:51:22,633 - urllib3.connectionpool - WARNING - Retrying (Retry(total=0, connect=None, read=None, redirect=None, status=None)) after connection broken by 'NewConnectionError("HTTPConnection(host='localhost', port=50751): Failed to establish a new connection: [Errno 111] Connection refused")': /session/0537500dd16a4e1059b8a3e3f773c4d6/cookie
2026-02-11 14:51:22,635 - urllib3.connectionpool - WARNING - Retrying (Retry(total=1, connect=None, read=None, redirect=None, status=None)) after connection broken by 'NewConnectionError("HTTPConnection(host='localhost', port=51427): Failed to establish a new connection: [Errno 111] Connection refused")': /session/6f33a5fba206046c604019d51105a2aa/cookie
2026-02-11 14:51:22,637 - urllib3.connectionpool - WARNING - Retrying (Retry(total=0, connect=None, read=None, redirect=None, status=None)) after connection broken by 'NewConnectionError("HTTPConnection(host='localhost', port=51427): Failed to establish a new connection: [Errno 111] Connection refused")': /session/6f33a5fba206046c604019d51105a2aa/cookie
2026-02-11 14:51:22,638 - auth - WARNING - Failed to add cookie AMCV_DD4C6A00570E3C0F7F000101%40AdobeOrg: HTTPConnectionPool(host='localhost', port=51427): Max retries exceeded with url: /session/6f33a5fba206046c604019d51105a2aa/cookie (Caused by NewConnectionError("HTTPConnection(host='localhost', port=51427): Failed to establish a new connection: [Errno 111] Connection refused"))
2026-02-11 14:51:22,636 - auth - WARNING - Failed to add cookie AMCVS_DD4C6A00570E3C0F7F000101%40AdobeOrg: HTTPConnectionPool(host='localhost', port=50751): Max retries exceeded with url: /session/0537500dd16a4e1059b8a3e3f773c4d6/cookie (Caused by NewConnectionError("HTTPConnection(host='localhost', port=50751): Failed to establish a new connection: [Errno 111] Connection refused"))
2026-02-11 14:51:22,640 - urllib3.connectionpool - WARNING - Retrying (Retry(total=2, connect=None, read=None, redirect=None, status=None)) after connection broken by 'NewConnectionError("HTTPConnection(host='localhost', port=50751): Failed to establish a new connection: [Errno 111] Connection refused")': /session/0537500dd16a4e1059b8a3e3f773c4d6/cookie
2026-02-11 14:51:22,641 - urllib3.connectionpool - WARNING - Retrying (Retry(total=1, connect=None, read=None, redirect=None, status=None)) after connection broken by 'NewConnectionError("HTTPConnection(host='localhost', port=50751): Failed to establish a new connection: [Errno 111] Connection refused")': /session/0537500dd16a4e1059b8a3e3f773c4d6/cookie
2026-02-11 14:51:22,642 - urllib3.connectionpool - WARNING - Retrying (Retry(total=0, connect=None, read=None, redirect=None, status=None)) after connection broken by 'NewConnectionError("HTTPConnection(host='localhost', port=50751): Failed to establish a new connection: [Errno 111] Connection refused")': /session/0537500dd16a4e1059b8a3e3f773c4d6/cookie
2026-02-11 14:51:22,644 - auth - WARNING - Failed to add cookie LastPageId: HTTPConnectionPool(host='localhost', port=50751): Max retries exceeded with url: /session/0537500dd16a4e1059b8a3e3f773c4d6/cookie (Caused by NewConnectionError("HTTPConnection(host='localhost', port=50751): Failed to establish a new connection: [Errno 111] Connection refused"))
2026-02-11 14:51:22,647 - urllib3.connectionpool - WARNING - Retrying (Retry(total=2, connect=None, read=None, redirect=None, status=None)) after connection broken by 'NewConnectionError("HTTPConnection(host='localhost', port=50751): Failed to establish a new connection: [Errno 111] Connection refused")': /session/0537500dd16a4e1059b8a3e3f773c4d6/cookie
2026-02-11 14:51:22,648 - urllib3.connectionpool - WARNING - Retrying (Retry(total=1, connect=None, read=None, redirect=None, status=None)) after connection broken by 'NewConnectionError("HTTPConnection(host='localhost', port=50751): Failed to establish a new connection: [Errno 111] Connection refused")': /session/0537500dd16a4e1059b8a3e3f773c4d6/cookie
2026-02-11 14:51:22,649 - urllib3.connectionpool - WARNING - Retrying (Retry(total=2, connect=None, read=None, redirect=None, status=None)) after connection broken by 'NewConnectionError("HTTPConnection(host='localhost', port=51427): Failed to establish a new connection: [Errno 111] Connection refused")': /session/6f33a5fba206046c604019d51105a2aa/cookie
2026-02-11 14:51:22,650 - urllib3.connectionpool - WARNING - Retrying (Retry(total=1, connect=None, read=None, redirect=None, status=None)) after connection broken by 'NewConnectionError("HTTPConnection(host='localhost', port=51427): Failed to establish a new connection: [Errno 111] Connection refused")': /session/6f33a5fba206046c604019d51105a2aa/cookie
2026-02-11 14:51:22,650 - urllib3.connectionpool - WARNING - Retrying (Retry(total=0, connect=None, read=None, redirect=None, status=None)) after connection broken by 'NewConnectionError("HTTPConnection(host='localhost', port=51427): Failed to establish a new connection: [Errno 111] Connection refused")': /session/6f33a5fba206046c604019d51105a2aa/cookie
2026-02-11 14:51:22,651 - auth - WARNING - Failed to add cookie AMCVS_DD4C6A00570E3C0F7F000101%40AdobeOrg: HTTPConnectionPool(host='localhost', port=51427): Max retries exceeded with url: /session/6f33a5fba206046c604019d51105a2aa/cookie (Caused by NewConnectionError("HTTPConnection(host='localhost', port=51427): Failed to establish a new connection: [Errno 111] Connection refused"))
2026-02-11 14:51:22,652 - urllib3.connectionpool - WARNING - Retrying (Retry(total=0, connect=None, read=None, redirect=None, status=None)) after connection broken by 'NewConnectionError("HTTPConnection(host='localhost', port=50751): Failed to establish a new connection: [Errno 111] Connection refused")': /session/0537500dd16a4e1059b8a3e3f773c4d6/cookie
2026-02-11 14:51:22,729 - urllib3.connectionpool - WARNING - Retrying (Retry(total=2, connect=None, read=None, redirect=None, status=None)) after connection broken by 'NewConnectionError("HTTPConnection(host='localhost', port=51427): Failed to establish a new connection: [Errno 111] Connection refused")': /session/6f33a5fba206046c604019d51105a2aa/cookie
2026-02-11 14:51:22,731 - urllib3.connectionpool - WARNING - Retrying (Retry(total=1, connect=None, read=None, redirect=None, status=None)) after connection broken by 'NewConnectionError("HTTPConnection(host='localhost', port=51427): Failed to establish a new connection: [Errno 111] Connection refused")': /session/6f33a5fba206046c604019d51105a2aa/cookie
2026-02-11 14:51:22,739 - urllib3.connectionpool - WARNING - Retrying (Retry(total=0, connect=None, read=None, redirect=None, status=None)) after connection broken by 'NewConnectionError("HTTPConnection(host='localhost', port=51427): Failed to establish a new connection: [Errno 111] Connection refused")': /session/6f33a5fba206046c604019d51105a2aa/cookie
2026-02-11 14:51:22,740 - auth - WARNING - Failed to add cookie LastPageId: HTTPConnectionPool(host='localhost', port=51427): Max retries exceeded with url: /session/6f33a5fba206046c604019d51105a2aa/cookie (Caused by NewConnectionError("HTTPConnection(host='localhost', port=51427): Failed to establish a new connection: [Errno 111] Connection refused"))
2026-02-11 14:51:22,734 - auth - WARNING - Failed to add cookie _sp_ses.5f31: HTTPConnectionPool(host='localhost', port=50751): Max retries exceeded with url: /session/0537500dd16a4e1059b8a3e3f773c4d6/cookie (Caused by NewConnectionError("HTTPConnection(host='localhost', port=50751): Failed to establish a new connection: [Errno 111] Connection refused"))
2026-02-11 14:51:22,745 - urllib3.connectionpool - WARNING - Retrying (Retry(total=2, connect=None, read=None, redirect=None, status=None)) after connection broken by 'NewConnectionError("HTTPConnection(host='localhost', port=50751): Failed to establish a new connection: [Errno 111] Connection refused")': /session/0537500dd16a4e1059b8a3e3f773c4d6/cookie
2026-02-11 14:51:22,746 - urllib3.connectionpool - WARNING - Retrying (Retry(total=1, connect=None, read=None, redirect=None, status=None)) after connection broken by 'NewConnectionError("HTTPConnection(host='localhost', port=50751): Failed to establish a new connection: [Errno 111] Connection refused")': /session/0537500dd16a4e1059b8a3e3f773c4d6/cookie
2026-02-11 14:51:22,747 - urllib3.connectionpool - WARNING - Retrying (Retry(total=0, connect=None, read=None, redirect=None, status=None)) after connection broken by 'NewConnectionError("HTTPConnection(host='localhost', port=50751): Failed to establish a new connection: [Errno 111] Connection refused")': /session/0537500dd16a4e1059b8a3e3f773c4d6/cookie
2026-02-11 14:51:22,747 - urllib3.connectionpool - WARNING - Retrying (Retry(total=2, connect=None, read=None, redirect=None, status=None)) after connection broken by 'NewConnectionError("HTTPConnection(host='localhost', port=51427): Failed to establish a new connection: [Errno 111] Connection refused")': /session/6f33a5fba206046c604019d51105a2aa/cookie
2026-02-11 14:51:22,757 - urllib3.connectionpool - WARNING - Retrying (Retry(total=1, connect=None, read=None, redirect=None, status=None)) after connection broken by 'NewConnectionError("HTTPConnection(host='localhost', port=51427): Failed to establish a new connection: [Errno 111] Connection refused")': /session/6f33a5fba206046c604019d51105a2aa/cookie
2026-02-11 14:51:22,758 - urllib3.connectionpool - WARNING - Retrying (Retry(total=0, connect=None, read=None, redirect=None, status=None)) after connection broken by 'NewConnectionError("HTTPConnection(host='localhost', port=51427): Failed to establish a new connection: [Errno 111] Connection refused")': /session/6f33a5fba206046c604019d51105a2aa/cookie
2026-02-11 14:51:22,759 - auth - WARNING - Failed to add cookie _sp_ses.5f31: HTTPConnectionPool(host='localhost', port=51427): Max retries exceeded with url: /session/6f33a5fba206046c604019d51105a2aa/cookie (Caused by NewConnectionError("HTTPConnection(host='localhost', port=51427): Failed to establish a new connection: [Errno 111] Connection refused"))
2026-02-11 14:51:22,756 - auth - WARNING - Failed to add cookie _gcl_au: HTTPConnectionPool(host='localhost', port=50751): Max retries exceeded with url: /session/0537500dd16a4e1059b8a3e3f773c4d6/cookie (Caused by NewConnectionError("HTTPConnection(host='localhost', port=50751): Failed to establish a new connection: [Errno 111] Connection refused"))
2026-02-11 14:51:22,762 - urllib3.connectionpool - WARNING - Retrying (Retry(total=2, connect=None, read=None, redirect=None, status=None)) after connection broken by 'NewConnectionError("HTTPConnection(host='localhost', port=50751): Failed to establish a new connection: [Errno 111] Connection refused")': /session/0537500dd16a4e1059b8a3e3f773c4d6/cookie
2026-02-11 14:51:22,763 - urllib3.connectionpool - WARNING - Retrying (Retry(total=1, connect=None, read=None, redirect=None, status=None)) after connection broken by 'NewConnectionError("HTTPConnection(host='localhost', port=50751): Failed to establish a new connection: [Errno 111] Connection refused")': /session/0537500dd16a4e1059b8a3e3f773c4d6/cookie
2026-02-11 14:51:22,767 - urllib3.connectionpool - WARNING - Retrying (Retry(total=0, connect=None, read=None, redirect=None, status=None)) after connection broken by 'NewConnectionError("HTTPConnection(host='localhost', port=50751): Failed to establish a new connection: [Errno 111] Connection refused")': /session/0537500dd16a4e1059b8a3e3f773c4d6/cookie
2026-02-11 14:51:22,767 - urllib3.connectionpool - WARNING - Retrying (Retry(total=2, connect=None, read=None, redirect=None, status=None)) after connection broken by 'NewConnectionError("HTTPConnection(host='localhost', port=51427): Failed to establish a new connection: [Errno 111] Connection refused")': /session/6f33a5fba206046c604019d51105a2aa/cookie
2026-02-11 14:51:22,768 - urllib3.connectionpool - WARNING - Retrying (Retry(total=1, connect=None, read=None, redirect=None, status=None)) after connection broken by 'NewConnectionError("HTTPConnection(host='localhost', port=51427): Failed to establish a new connection: [Errno 111] Connection refused")': /session/6f33a5fba206046c604019d51105a2aa/cookie
2026-02-11 14:51:22,769 - auth - WARNING - Failed to add cookie .DOTNETNUKE: HTTPConnectionPool(host='localhost', port=50751): Max retries exceeded with url: /session/0537500dd16a4e1059b8a3e3f773c4d6/cookie (Caused by NewConnectionError("HTTPConnection(host='localhost', port=50751): Failed to establish a new connection: [Errno 111] Connection refused"))
2026-02-11 14:51:22,770 - urllib3.connectionpool - WARNING - Retrying (Retry(total=2, connect=None, read=None, redirect=None, status=None)) after connection broken by 'NewConnectionError("HTTPConnection(host='localhost', port=50751): Failed to establish a new connection: [Errno 111] Connection refused")': /session/0537500dd16a4e1059b8a3e3f773c4d6/cookie
2026-02-11 14:51:22,771 - urllib3.connectionpool - WARNING - Retrying (Retry(total=1, connect=None, read=None, redirect=None, status=None)) after connection broken by 'NewConnectionError("HTTPConnection(host='localhost', port=50751): Failed to establish a new connection: [Errno 111] Connection refused")': /session/0537500dd16a4e1059b8a3e3f773c4d6/cookie
2026-02-11 14:51:22,775 - urllib3.connectionpool - WARNING - Retrying (Retry(total=0, connect=None, read=None, redirect=None, status=None)) after connection broken by 'NewConnectionError("HTTPConnection(host='localhost', port=51427): Failed to establish a new connection: [Errno 111] Connection refused")': /session/6f33a5fba206046c604019d51105a2aa/cookie
2026-02-11 14:51:22,776 - auth - WARNING - Failed to add cookie _gcl_au: HTTPConnectionPool(host='localhost', port=51427): Max retries exceeded with url: /session/6f33a5fba206046c604019d51105a2aa/cookie (Caused by NewConnectionError("HTTPConnection(host='localhost', port=51427): Failed to establish a new connection: [Errno 111] Connection refused"))
2026-02-11 14:51:22,777 - urllib3.connectionpool - WARNING - Retrying (Retry(total=2, connect=None, read=None, redirect=None, status=None)) after connection broken by 'NewConnectionError("HTTPConnection(host='localhost', port=51427): Failed to establish a new connection: [Errno 111] Connection refused")': /session/6f33a5fba206046c604019d51105a2aa/cookie
2026-02-11 14:51:22,777 - urllib3.connectionpool - WARNING - Retrying (Retry(total=0, connect=None, read=None, redirect=None, status=None)) after connection broken by 'NewConnectionError("HTTPConnection(host='localhost', port=50751): Failed to establish a new connection: [Errno 111] Connection refused")': /session/0537500dd16a4e1059b8a3e3f773c4d6/cookie
2026-02-11 14:51:22,778 - auth - WARNING - Failed to add cookie __cf_bm: HTTPConnectionPool(host='localhost', port=50751): Max retries exceeded with url: /session/0537500dd16a4e1059b8a3e3f773c4d6/cookie (Caused by NewConnectionError("HTTPConnection(host='localhost', port=50751): Failed to establish a new connection: [Errno 111] Connection refused"))
2026-02-11 14:51:22,779 - urllib3.connectionpool - WARNING - Retrying (Retry(total=2, connect=None, read=None, redirect=None, status=None)) after connection broken by 'NewConnectionError("HTTPConnection(host='localhost', port=50751): Failed to establish a new connection: [Errno 111] Connection refused")': /session/0537500dd16a4e1059b8a3e3f773c4d6/cookie
2026-02-11 14:51:22,779 - urllib3.connectionpool - WARNING - Retrying (Retry(total=1, connect=None, read=None, redirect=None, status=None)) after connection broken by 'NewConnectionError("HTTPConnection(host='localhost', port=50751): Failed to establish a new connection: [Errno 111] Connection refused")': /session/0537500dd16a4e1059b8a3e3f773c4d6/cookie
2026-02-11 14:51:22,780 - urllib3.connectionpool - WARNING - Retrying (Retry(total=1, connect=None, read=None, redirect=None, status=None)) after connection broken by 'NewConnectionError("HTTPConnection(host='localhost', port=51427): Failed to establish a new connection: [Errno 111] Connection refused")': /session/6f33a5fba206046c604019d51105a2aa/cookie
2026-02-11 14:51:22,781 - urllib3.connectionpool - WARNING - Retrying (Retry(total=0, connect=None, read=None, redirect=None, status=None)) after connection broken by 'NewConnectionError("HTTPConnection(host='localhost', port=51427): Failed to establish a new connection: [Errno 111] Connection refused")': /session/6f33a5fba206046c604019d51105a2aa/cookie
2026-02-11 14:51:22,782 - auth - WARNING - Failed to add cookie .DOTNETNUKE: HTTPConnectionPool(host='localhost', port=51427): Max retries exceeded with url: /session/6f33a5fba206046c604019d51105a2aa/cookie (Caused by NewConnectionError("HTTPConnection(host='localhost', port=51427): Failed to establish a new connection: [Errno 111] Connection refused"))
2026-02-11 14:51:22,785 - urllib3.connectionpool - WARNING - Retrying (Retry(total=2, connect=None, read=None, redirect=None, status=None)) after connection broken by 'NewConnectionError("HTTPConnection(host='localhost', port=51427): Failed to establish a new connection: [Errno 111] Connection refused")': /session/6f33a5fba206046c604019d51105a2aa/cookie
2026-02-11 14:51:22,785 - urllib3.connectionpool - WARNING - Retrying (Retry(total=0, connect=None, read=None, redirect=None, status=None)) after connection broken by 'NewConnectionError("HTTPConnection(host='localhost', port=50751): Failed to establish a new connection: [Errno 111] Connection refused")': /session/0537500dd16a4e1059b8a3e3f773c4d6/cookie
2026-02-11 14:51:22,787 - auth - WARNING - Failed to add cookie _td: HTTPConnectionPool(host='localhost', port=50751): Max retries exceeded with url: /session/0537500dd16a4e1059b8a3e3f773c4d6/cookie (Caused by NewConnectionError("HTTPConnection(host='localhost', port=50751): Failed to establish a new connection: [Errno 111] Connection refused"))
2026-02-11 14:51:22,788 - urllib3.connectionpool - WARNING - Retrying (Retry(total=1, connect=None, read=None, redirect=None, status=None)) after connection broken by 'NewConnectionError("HTTPConnection(host='localhost', port=51427): Failed to establish a new connection: [Errno 111] Connection refused")': /session/6f33a5fba206046c604019d51105a2aa/cookie
2026-02-11 14:51:22,789 - urllib3.connectionpool - WARNING - Retrying (Retry(total=0, connect=None, read=None, redirect=None, status=None)) after connection broken by 'NewConnectionError("HTTPConnection(host='localhost', port=51427): Failed to establish a new connection: [Errno 111] Connection refused")': /session/6f33a5fba206046c604019d51105a2aa/cookie
2026-02-11 14:51:22,790 - auth - WARNING - Failed to add cookie __cf_bm: HTTPConnectionPool(host='localhost', port=51427): Max retries exceeded with url: /session/6f33a5fba206046c604019d51105a2aa/cookie (Caused by NewConnectionError("HTTPConnection(host='localhost', port=51427): Failed to establish a new connection: [Errno 111] Connection refused"))
2026-02-11 14:51:22,792 - urllib3.connectionpool - WARNING - Retrying (Retry(total=2, connect=None, read=None, redirect=None, status=None)) after connection broken by 'NewConnectionError("HTTPConnection(host='localhost', port=50751): Failed to establish a new connection: [Errno 111] Connection refused")': /session/0537500dd16a4e1059b8a3e3f773c4d6/cookie
2026-02-11 14:51:22,794 - urllib3.connectionpool - WARNING - Retrying (Retry(total=1, connect=None, read=None, redirect=None, status=None)) after connection broken by 'NewConnectionError("HTTPConnection(host='localhost', port=50751): Failed to establish a new connection: [Errno 111] Connection refused")': /session/0537500dd16a4e1059b8a3e3f773c4d6/cookie
2026-02-11 14:51:22,795 - urllib3.connectionpool - WARNING - Retrying (Retry(total=2, connect=None, read=None, redirect=None, status=None)) after connection broken by 'NewConnectionError("HTTPConnection(host='localhost', port=51427): Failed to establish a new connection: [Errno 111] Connection refused")': /session/6f33a5fba206046c604019d51105a2aa/cookie
2026-02-11 14:51:22,796 - urllib3.connectionpool - WARNING - Retrying (Retry(total=1, connect=None, read=None, redirect=None, status=None)) after connection broken by 'NewConnectionError("HTTPConnection(host='localhost', port=51427): Failed to establish a new connection: [Errno 111] Connection refused")': /session/6f33a5fba206046c604019d51105a2aa/cookie
2026-02-11 14:51:22,797 - urllib3.connectionpool - WARNING - Retrying (Retry(total=0, connect=None, read=None, redirect=None, status=None)) after connection broken by 'NewConnectionError("HTTPConnection(host='localhost', port=50751): Failed to establish a new connection: [Errno 111] Connection refused")': /session/0537500dd16a4e1059b8a3e3f773c4d6/cookie
2026-02-11 14:51:22,801 - auth - WARNING - Failed to add cookie s_cc: HTTPConnectionPool(host='localhost', port=50751): Max retries exceeded with url: /session/0537500dd16a4e1059b8a3e3f773c4d6/cookie (Caused by NewConnectionError("HTTPConnection(host='localhost', port=50751): Failed to establish a new connection: [Errno 111] Connection refused"))
2026-02-11 14:51:22,802 - urllib3.connectionpool - WARNING - Retrying (Retry(total=2, connect=None, read=None, redirect=None, status=None)) after connection broken by 'NewConnectionError("HTTPConnection(host='localhost', port=50751): Failed to establish a new connection: [Errno 111] Connection refused")': /session/0537500dd16a4e1059b8a3e3f773c4d6/cookie
2026-02-11 14:51:22,802 - urllib3.connectionpool - WARNING - Retrying (Retry(total=1, connect=None, read=None, redirect=None, status=None)) after connection broken by 'NewConnectionError("HTTPConnection(host='localhost', port=50751): Failed to establish a new connection: [Errno 111] Connection refused")': /session/0537500dd16a4e1059b8a3e3f773c4d6/cookie
2026-02-11 14:51:22,804 - urllib3.connectionpool - WARNING - Retrying (Retry(total=0, connect=None, read=None, redirect=None, status=None)) after connection broken by 'NewConnectionError("HTTPConnection(host='localhost', port=51427): Failed to establish a new connection: [Errno 111] Connection refused")': /session/6f33a5fba206046c604019d51105a2aa/cookie
2026-02-11 14:51:22,806 - auth - WARNING - Failed to add cookie _td: HTTPConnectionPool(host='localhost', port=51427): Max retries exceeded with url: /session/6f33a5fba206046c604019d51105a2aa/cookie (Caused by NewConnectionError("HTTPConnection(host='localhost', port=51427): Failed to establish a new connection: [Errno 111] Connection refused"))
2026-02-11 14:51:22,811 - urllib3.connectionpool - WARNING - Retrying (Retry(total=2, connect=None, read=None, redirect=None, status=None)) after connection broken by 'NewConnectionError("HTTPConnection(host='localhost', port=51427): Failed to establish a new connection: [Errno 111] Connection refused")': /session/6f33a5fba206046c604019d51105a2aa/cookie
2026-02-11 14:51:22,812 - urllib3.connectionpool - WARNING - Retrying (Retry(total=0, connect=None, read=None, redirect=None, status=None)) after connection broken by 'NewConnectionError("HTTPConnection(host='localhost', port=50751): Failed to establish a new connection: [Errno 111] Connection refused")': /session/0537500dd16a4e1059b8a3e3f773c4d6/cookie
2026-02-11 14:51:22,813 - auth - WARNING - Failed to add cookie language: HTTPConnectionPool(host='localhost', port=50751): Max retries exceeded with url: /session/0537500dd16a4e1059b8a3e3f773c4d6/cookie (Caused by NewConnectionError("HTTPConnection(host='localhost', port=50751): Failed to establish a new connection: [Errno 111] Connection refused"))
2026-02-11 14:51:22,816 - urllib3.connectionpool - WARNING - Retrying (Retry(total=1, connect=None, read=None, redirect=None, status=None)) after connection broken by 'NewConnectionError("HTTPConnection(host='localhost', port=51427): Failed to establish a new connection: [Errno 111] Connection refused")': /session/6f33a5fba206046c604019d51105a2aa/cookie
2026-02-11 14:51:22,819 - urllib3.connectionpool - WARNING - Retrying (Retry(total=2, connect=None, read=None, redirect=None, status=None)) after connection broken by 'NewConnectionError("HTTPConnection(host='localhost', port=50751): Failed to establish a new connection: [Errno 111] Connection refused")': /session/0537500dd16a4e1059b8a3e3f773c4d6/cookie
2026-02-11 14:51:22,820 - urllib3.connectionpool - WARNING - Retrying (Retry(total=1, connect=None, read=None, redirect=None, status=None)) after connection broken by 'NewConnectionError("HTTPConnection(host='localhost', port=50751): Failed to establish a new connection: [Errno 111] Connection refused")': /session/0537500dd16a4e1059b8a3e3f773c4d6/cookie
2026-02-11 14:51:22,821 - urllib3.connectionpool - WARNING - Retrying (Retry(total=0, connect=None, read=None, redirect=None, status=None)) after connection broken by 'NewConnectionError("HTTPConnection(host='localhost', port=50751): Failed to establish a new connection: [Errno 111] Connection refused")': /session/0537500dd16a4e1059b8a3e3f773c4d6/cookie
2026-02-11 14:51:22,825 - urllib3.connectionpool - WARNING - Retrying (Retry(total=0, connect=None, read=None, redirect=None, status=None)) after connection broken by 'NewConnectionError("HTTPConnection(host='localhost', port=51427): Failed to establish a new connection: [Errno 111] Connection refused")': /session/6f33a5fba206046c604019d51105a2aa/cookie
2026-02-11 14:51:22,826 - auth - WARNING - Failed to add cookie s_cc: HTTPConnectionPool(host='localhost', port=51427): Max retries exceeded with url: /session/6f33a5fba206046c604019d51105a2aa/cookie (Caused by NewConnectionError("HTTPConnection(host='localhost', port=51427): Failed to establish a new connection: [Errno 111] Connection refused"))
2026-02-11 14:51:22,828 - urllib3.connectionpool - WARNING - Retrying (Retry(total=2, connect=None, read=None, redirect=None, status=None)) after connection broken by 'NewConnectionError("HTTPConnection(host='localhost', port=51427): Failed to establish a new connection: [Errno 111] Connection refused")': /session/6f33a5fba206046c604019d51105a2aa/cookie
2026-02-11 14:51:22,829 - auth - WARNING - Failed to add cookie __td_signed: HTTPConnectionPool(host='localhost', port=50751): Max retries exceeded with url: /session/0537500dd16a4e1059b8a3e3f773c4d6/cookie (Caused by NewConnectionError("HTTPConnection(host='localhost', port=50751): Failed to establish a new connection: [Errno 111] Connection refused"))
2026-02-11 14:51:22,830 - auth - INFO - Successfully applied 0/22 cookies
2026-02-11 14:51:22,832 - urllib3.connectionpool - WARNING - Retrying (Retry(total=2, connect=None, read=None, redirect=None, status=None)) after connection broken by 'NewConnectionError("HTTPConnection(host='localhost', port=50751): Failed to establish a new connection: [Errno 111] Connection refused")': /session/0537500dd16a4e1059b8a3e3f773c4d6/refresh
2026-02-11 14:51:22,834 - urllib3.connectionpool - WARNING - Retrying (Retry(total=1, connect=None, read=None, redirect=None, status=None)) after connection broken by 'NewConnectionError("HTTPConnection(host='localhost', port=51427): Failed to establish a new connection: [Errno 111] Connection refused")': /session/6f33a5fba206046c604019d51105a2aa/cookie
2026-02-11 14:51:22,835 - urllib3.connectionpool - WARNING - Retrying (Retry(total=0, connect=None, read=None, redirect=None, status=None)) after connection broken by 'NewConnectionError("HTTPConnection(host='localhost', port=51427): Failed to establish a new connection: [Errno 111] Connection refused")': /session/6f33a5fba206046c604019d51105a2aa/cookie
2026-02-11 14:51:22,836 - auth - WARNING - Failed to add cookie language: HTTPConnectionPool(host='localhost', port=51427): Max retries exceeded with url: /session/6f33a5fba206046c604019d51105a2aa/cookie (Caused by NewConnectionError("HTTPConnection(host='localhost', port=51427): Failed to establish a new connection: [Errno 111] Connection refused"))
2026-02-11 14:51:22,840 - urllib3.connectionpool - WARNING - Retrying (Retry(total=1, connect=None, read=None, redirect=None, status=None)) after connection broken by 'NewConnectionError("HTTPConnection(host='localhost', port=50751): Failed to establish a new connection: [Errno 111] Connection refused")': /session/0537500dd16a4e1059b8a3e3f773c4d6/refresh
2026-02-11 14:51:22,843 - urllib3.connectionpool - WARNING - Retrying (Retry(total=0, connect=None, read=None, redirect=None, status=None)) after connection broken by 'NewConnectionError("HTTPConnection(host='localhost', port=50751): Failed to establish a new connection: [Errno 111] Connection refused")': /session/0537500dd16a4e1059b8a3e3f773c4d6/refresh
2026-02-11 14:51:22,844 - urllib3.connectionpool - WARNING - Retrying (Retry(total=2, connect=None, read=None, redirect=None, status=None)) after connection broken by 'NewConnectionError("HTTPConnection(host='localhost', port=51427): Failed to establish a new connection: [Errno 111] Connection refused")': /session/6f33a5fba206046c604019d51105a2aa/cookie
2026-02-11 14:51:22,848 - auth - ERROR - Failed to apply cookies: HTTPConnectionPool(host='localhost', port=50751): Max retries exceeded with url: /session/0537500dd16a4e1059b8a3e3f773c4d6/refresh (Caused by NewConnectionError("HTTPConnection(host='localhost', port=50751): Failed to establish a new connection: [Errno 111] Connection refused"))
2026-02-11 14:51:22,848 - __main__ - ERROR - Error scraping https://acukwik.com/Airport-Info/UMGG (attempt 1): HTTPConnectionPool(host='localhost', port=50751): Max retries exceeded with url: /session/0537500dd16a4e1059b8a3e3f773c4d6/refresh (Caused by NewConnectionError("HTTPConnection(host='localhost', port=50751): Failed to establish a new connection: [Errno 111] Connection refused"))
2026-02-11 14:51:22,848 - __main__ - INFO - Retrying in 5.43 seconds...
2026-02-11 14:51:22,850 - urllib3.connectionpool - WARNING - Retrying (Retry(total=1, connect=None, read=None, redirect=None, status=None)) after connection broken by 'NewConnectionError("HTTPConnection(host='localhost', port=51427): Failed to establish a new connection: [Errno 111] Connection refused")': /session/6f33a5fba206046c604019d51105a2aa/cookie
2026-02-11 14:51:22,851 - urllib3.connectionpool - WARNING - Retrying (Retry(total=0, connect=None, read=None, redirect=None, status=None)) after connection broken by 'NewConnectionError("HTTPConnection(host='localhost', port=51427): Failed to establish a new connection: [Errno 111] Connection refused")': /session/6f33a5fba206046c604019d51105a2aa/cookie
2026-02-11 14:51:22,853 - auth - WARNING - Failed to add cookie __td_signed: HTTPConnectionPool(host='localhost', port=51427): Max retries exceeded with url: /session/6f33a5fba206046c604019d51105a2aa/cookie (Caused by NewConnectionError("HTTPConnection(host='localhost', port=51427): Failed to establish a new connection: [Errno 111] Connection refused"))
2026-02-11 14:51:22,854 - auth - INFO - Successfully applied 0/22 cookies
2026-02-11 14:51:22,855 - urllib3.connectionpool - WARNING - Retrying (Retry(total=2, connect=None, read=None, redirect=None, status=None)) after connection broken by 'NewConnectionError("HTTPConnection(host='localhost', port=51427): Failed to establish a new connection: [Errno 111] Connection refused")': /session/6f33a5fba206046c604019d51105a2aa/refresh
2026-02-11 14:51:22,856 - urllib3.connectionpool - WARNING - Retrying (Retry(total=1, connect=None, read=None, redirect=None, status=None)) after connection broken by 'NewConnectionError("HTTPConnection(host='localhost', port=51427): Failed to establish a new connection: [Errno 111] Connection refused")': /session/6f33a5fba206046c604019d51105a2aa/refresh
2026-02-11 14:51:22,856 - urllib3.connectionpool - WARNING - Retrying (Retry(total=0, connect=None, read=None, redirect=None, status=None)) after connection broken by 'NewConnectionError("HTTPConnection(host='localhost', port=51427): Failed to establish a new connection: [Errno 111] Connection refused")': /session/6f33a5fba206046c604019d51105a2aa/refresh
2026-02-11 14:51:22,857 - auth - ERROR - Failed to apply cookies: HTTPConnectionPool(host='localhost', port=51427): Max retries exceeded with url: /session/6f33a5fba206046c604019d51105a2aa/refresh (Caused by NewConnectionError("HTTPConnection(host='localhost', port=51427): Failed to establish a new connection: [Errno 111] Connection refused"))
2026-02-11 14:51:22,857 - __main__ - ERROR - Error scraping https://acukwik.com/Airport-Info/UBBY (attempt 1): HTTPConnectionPool(host='localhost', port=51427): Max retries exceeded with url: /session/6f33a5fba206046c604019d51105a2aa/refresh (Caused by NewConnectionError("HTTPConnection(host='localhost', port=51427): Failed to establish a new connection: [Errno 111] Connection refused"))
2026-02-11 14:51:22,857 - __main__ - INFO - Retrying in 5.42 seconds...
2026-02-11 14:51:23,586 - __main__ - WARNING - Scraping interrupted by user
2026-02-11 14:51:23,604 - output - INFO - All batches flushed
2026-02-11 14:51:23,621 - __main__ - INFO - Scraper shutdown complete
