2026-02-11 14:52:06,541 - __main__ - INFO - Logging initialized. Log file: logs/scraper_20260211_135206.log
2026-02-11 14:52:06,545 - config_loader - INFO - Loaded configuration from: config.yaml
2026-02-11 14:52:06,546 - config_loader - INFO - Configuration validated successfully
2026-02-11 14:52:06,546 - output - INFO - Output writer initialized. Success file: output/scraped_records_20260211_135206.jsonl
2026-02-11 14:52:06,546 - output - INFO - Failed records file: output/failed_records_20260211_135206.jsonl
2026-02-11 14:52:06,546 - progress - INFO - Loaded progress: 0 completed, 1 failed
2026-02-11 14:52:06,546 - progress - INFO - Progress tracker initialized with 0 completed IDs
2026-02-11 14:52:06,546 - __main__ - INFO - Scraper orchestrator initialized for source: acukwik
2026-02-11 14:52:06,546 - __main__ - INFO - ============================================================
2026-02-11 14:52:06,546 - __main__ - INFO - Starting Aviation Data Scraper
2026-02-11 14:52:06,547 - __main__ - INFO - ============================================================
2026-02-11 14:52:06,547 - __main__ - INFO - No cookies found, logging in...
2026-02-11 14:52:06,547 - __main__ - INFO - Logging in as ops@aeroworld.pk...
2026-02-11 14:52:08,483 - __main__ - INFO - Navigating to https://acukwik.com
2026-02-11 14:52:13,484 - __main__ - INFO - Looking for Login button...
2026-02-11 14:52:13,579 - __main__ - INFO - Clicked Login button via JavaScript
2026-02-11 14:52:13,579 - __main__ - INFO - Waiting for modal container to appear...
2026-02-11 14:52:16,579 - __main__ - INFO - Waiting for modal form to load via AJAX...
2026-02-11 14:52:19,580 - __main__ - INFO - Checking for cookie consent popup (quick check)...
2026-02-11 14:52:25,972 - __main__ - INFO - ✓ No cookie popup detected (already dismissed or not present - this is normal)
2026-02-11 14:52:25,972 - __main__ - INFO - Checking for iframe in modal...
2026-02-11 14:52:26,000 - __main__ - INFO - Found 3 iframe(s) on page
2026-02-11 14:52:26,038 - __main__ - INFO -   iframe 0: id=, src=none
2026-02-11 14:52:26,080 - __main__ - INFO -   iframe 1: id=universal_pixel_iqih4is, src=none
2026-02-11 14:52:26,115 - __main__ - INFO -   iframe 2: id=iPopUp, src=https://acukwik.com/Login?returnurl=/&popUp=true
2026-02-11 14:52:26,115 - __main__ - INFO - Switching to iframe: iPopUp
2026-02-11 14:52:28,178 - __main__ - INFO - Checking for cookie consent popup INSIDE iframe...
2026-02-11 14:52:32,465 - __main__ - INFO - Trying JavaScript search for 'Accept all' button inside iframe...
2026-02-11 14:52:32,483 - __main__ - INFO - No cookie popup in iframe (not found or already dismissed)
2026-02-11 14:52:32,483 - __main__ - INFO - Looking for email field in modal...
2026-02-11 14:52:32,484 - __main__ - INFO - Trying selector: id = dnn_ctr594_VDC_ctl00_txtUsername
2026-02-11 14:52:32,507 - __main__ - INFO - ✓ Found email field: id = dnn_ctr594_VDC_ctl00_txtUsername
2026-02-11 14:52:33,232 - __main__ - INFO - ✓ Email entered: ops@aeroworld.pk
2026-02-11 14:52:33,232 - __main__ - INFO - Looking for password field...
2026-02-11 14:52:33,232 - __main__ - INFO - Trying password selector: id = dnn_ctr594_VDC_ctl00_txtPassword
2026-02-11 14:52:33,260 - __main__ - INFO - ✓ Found password field: id = dnn_ctr594_VDC_ctl00_txtPassword
2026-02-11 14:52:33,970 - __main__ - INFO - Looking for login button...
2026-02-11 14:52:33,970 - __main__ - INFO - Trying login button selector: id = dnn_ctr594_VDC_ctl00_cmdLogin
2026-02-11 14:52:34,034 - __main__ - INFO - ✓ Found login button: id = dnn_ctr594_VDC_ctl00_cmdLogin
2026-02-11 14:52:34,034 - __main__ - INFO - Clicking login button...
2026-02-11 14:52:34,057 - __main__ - INFO - ✓ Clicked Login button via JavaScript
2026-02-11 14:52:34,057 - __main__ - INFO - Waiting for login to complete...
2026-02-11 14:52:39,063 - __main__ - INFO - Switched back to main content
2026-02-11 14:52:41,082 - __main__ - INFO - ✓ Login verification: Account menu detected!
2026-02-11 14:52:41,107 - __main__ - INFO - ✓ Login successful! Saved 6 cookies to /home/tahir/acukwik_scraper/selenium_ingestion_refactored/../cookies.json
2026-02-11 14:52:41,265 - __main__ - INFO - Loading input from: ../country_links.csv
2026-02-11 14:52:41,369 - __main__ - INFO - Loaded 25802 records from ../country_links.csv
2026-02-11 14:52:41,369 - __main__ - INFO - Total records loaded: 25802
2026-02-11 14:52:41,369 - __main__ - INFO - Starting parallel scraping with 16 workers
2026-02-11 14:52:41,370 - __main__ - INFO - Total records to process: 25802
2026-02-11 14:52:51,113 - auth - INFO - Loaded 6 cookies from ../cookies.json
2026-02-11 14:52:51,174 - auth - INFO - Loaded 6 cookies from ../cookies.json
2026-02-11 14:52:51,963 - auth - INFO - Loaded 6 cookies from ../cookies.json
2026-02-11 14:52:52,049 - auth - INFO - Loaded 6 cookies from ../cookies.json
2026-02-11 14:52:52,203 - auth - INFO - Loaded 6 cookies from ../cookies.json
2026-02-11 14:52:52,599 - auth - INFO - Loaded 6 cookies from ../cookies.json
2026-02-11 14:52:52,968 - auth - INFO - Loaded 6 cookies from ../cookies.json
2026-02-11 14:52:53,033 - auth - INFO - Loaded 6 cookies from ../cookies.json
2026-02-11 14:52:53,237 - auth - INFO - Loaded 6 cookies from ../cookies.json
2026-02-11 14:52:53,258 - auth - INFO - Loaded 6 cookies from ../cookies.json
2026-02-11 14:52:53,498 - auth - INFO - Loaded 6 cookies from ../cookies.json
2026-02-11 14:52:54,137 - auth - INFO - Loaded 6 cookies from ../cookies.json
2026-02-11 14:52:54,236 - auth - INFO - Loaded 6 cookies from ../cookies.json
2026-02-11 14:52:54,364 - auth - INFO - Loaded 6 cookies from ../cookies.json
2026-02-11 14:52:54,438 - auth - INFO - Loaded 6 cookies from ../cookies.json
2026-02-11 14:52:54,838 - auth - INFO - Loaded 6 cookies from ../cookies.json
2026-02-11 14:53:07,898 - auth - INFO - Successfully applied 6/6 cookies
2026-02-11 14:53:08,281 - auth - INFO - Successfully applied 6/6 cookies
2026-02-11 14:53:08,541 - auth - INFO - Successfully applied 6/6 cookies
2026-02-11 14:53:09,627 - auth - INFO - Successfully applied 6/6 cookies
2026-02-11 14:53:09,954 - auth - INFO - Successfully applied 6/6 cookies
2026-02-11 14:53:10,740 - auth - INFO - Successfully applied 6/6 cookies
2026-02-11 14:53:11,741 - auth - INFO - Successfully applied 6/6 cookies
2026-02-11 14:53:11,906 - auth - INFO - Successfully applied 6/6 cookies
2026-02-11 14:53:11,969 - auth - INFO - Successfully applied 6/6 cookies
2026-02-11 14:53:12,128 - auth - INFO - Successfully applied 6/6 cookies
2026-02-11 14:53:12,383 - auth - INFO - Successfully applied 6/6 cookies
2026-02-11 14:53:13,079 - auth - INFO - Successfully applied 6/6 cookies
2026-02-11 14:53:13,089 - auth - INFO - Successfully applied 6/6 cookies
2026-02-11 14:53:13,586 - auth - INFO - Successfully applied 6/6 cookies
2026-02-11 14:53:14,788 - auth - INFO - Successfully applied 6/6 cookies
2026-02-11 14:53:15,972 - auth - INFO - Successfully applied 6/6 cookies
2026-02-11 14:53:17,089 - __main__ - INFO - Driver authenticated with 6 cookies
2026-02-11 14:53:17,194 - __main__ - INFO - Driver authenticated with 6 cookies
2026-02-11 14:53:17,397 - __main__ - INFO - Driver authenticated with 6 cookies
2026-02-11 14:53:17,678 - __main__ - INFO - Driver authenticated with 6 cookies
2026-02-11 14:53:17,881 - __main__ - INFO - Driver authenticated with 6 cookies
2026-02-11 14:53:19,018 - __main__ - INFO - Driver authenticated with 6 cookies
2026-02-11 14:53:19,297 - __main__ - INFO - Driver authenticated with 6 cookies
2026-02-11 14:53:19,402 - __main__ - INFO - Driver authenticated with 6 cookies
2026-02-11 14:53:19,707 - __main__ - INFO - Driver authenticated with 6 cookies
2026-02-11 14:53:20,722 - __main__ - INFO - Driver authenticated with 6 cookies
2026-02-11 14:53:20,926 - __main__ - INFO - Driver authenticated with 6 cookies
2026-02-11 14:53:20,966 - __main__ - INFO - Driver authenticated with 6 cookies
2026-02-11 14:53:21,037 - __main__ - INFO - Driver authenticated with 6 cookies
2026-02-11 14:53:21,493 - __main__ - INFO - Driver authenticated with 6 cookies
2026-02-11 14:53:23,259 - __main__ - INFO - Driver authenticated with 6 cookies
2026-02-11 14:53:23,942 - __main__ - INFO - Driver authenticated with 6 cookies
2026-02-11 14:53:24,681 - __main__ - INFO - ✓ Authentication successful - user account menu detected
2026-02-11 14:53:24,686 - __main__ - INFO - Scraping https://acukwik.com/Airport-Info/UMGG (attempt 1/3)
2026-02-11 14:53:25,321 - __main__ - INFO - ✓ Authentication successful - user account menu detected
2026-02-11 14:53:25,321 - __main__ - INFO - Scraping https://acukwik.com/Airport-Info/UBBB (attempt 1/3)
2026-02-11 14:53:25,626 - __main__ - INFO - ✓ Authentication successful - user account menu detected
2026-02-11 14:53:25,627 - __main__ - INFO - Scraping https://acukwik.com/Airport-Info/UMLI (attempt 1/3)
2026-02-11 14:53:26,148 - __main__ - INFO - ✓ Authentication successful - user account menu detected
2026-02-11 14:53:26,148 - __main__ - INFO - Scraping https://acukwik.com/Airport-Info/UBBF (attempt 1/3)
2026-02-11 14:53:26,507 - __main__ - INFO - ✓ Authentication successful - user account menu detected
2026-02-11 14:53:26,507 - __main__ - INFO - Scraping https://acukwik.com/Airport-Info/UBBN (attempt 1/3)
2026-02-11 14:53:26,881 - __main__ - INFO - ✓ Authentication successful - user account menu detected
2026-02-11 14:53:26,881 - __main__ - INFO - Scraping https://acukwik.com/Airport-Info/UMMG (attempt 1/3)
2026-02-11 14:53:27,113 - __main__ - INFO - ✓ Authentication successful - user account menu detected
2026-02-11 14:53:27,113 - __main__ - INFO - Scraping https://acukwik.com/Airport-Info/UBEE (attempt 1/3)
2026-02-11 14:53:27,339 - __main__ - INFO - ✓ Authentication successful - user account menu detected
2026-02-11 14:53:27,339 - __main__ - INFO - Scraping https://acukwik.com/Airport-Info/UBBY (attempt 1/3)
2026-02-11 14:53:27,669 - __main__ - INFO - ✓ Authentication successful - user account menu detected
2026-02-11 14:53:27,671 - __main__ - INFO - Scraping https://acukwik.com/Airport-Info/UMIO (attempt 1/3)
2026-02-11 14:53:27,897 - __main__ - INFO - ✓ Authentication successful - user account menu detected
2026-02-11 14:53:27,897 - __main__ - INFO - Scraping https://acukwik.com/Airport-Info/UMII (attempt 1/3)
2026-02-11 14:53:28,032 - __main__ - INFO - ✓ Authentication successful - user account menu detected
2026-02-11 14:53:28,032 - __main__ - INFO - Scraping https://acukwik.com/Airport-Info/UMBB (attempt 1/3)
2026-02-11 14:53:28,164 - __main__ - INFO - ✓ Authentication successful - user account menu detected
2026-02-11 14:53:28,164 - __main__ - INFO - Scraping https://acukwik.com/Airport-Info/UBBL (attempt 1/3)
2026-02-11 14:53:28,446 - __main__ - INFO - ✓ Authentication successful - user account menu detected
2026-02-11 14:53:28,446 - __main__ - INFO - Scraping https://acukwik.com/Airport-Info/UBBQ (attempt 1/3)
2026-02-11 14:53:28,543 - __main__ - INFO - ✓ Authentication successful - user account menu detected
2026-02-11 14:53:28,543 - __main__ - INFO - Scraping https://acukwik.com/Airport-Info/UMOO (attempt 1/3)
2026-02-11 14:53:29,940 - __main__ - INFO - ✓ Authentication successful - user account menu detected
2026-02-11 14:53:29,940 - __main__ - INFO - Scraping https://acukwik.com/Airport-Info/UMMS (attempt 1/3)
2026-02-11 14:53:31,045 - __main__ - INFO - ✓ Authentication successful - user account menu detected
2026-02-11 14:53:31,046 - __main__ - INFO - Scraping https://acukwik.com/Airport-Info/UBBG (attempt 1/3)
2026-02-11 14:53:35,358 - parsers - INFO - Parsing airport page: https://acukwik.com/Airport-Info/UMGG
2026-02-11 14:53:37,416 - parsers - INFO - Parsing airport page: https://acukwik.com/Airport-Info/UBBN
2026-02-11 14:53:39,910 - parsers - INFO - Parsing airport page: https://acukwik.com/Airport-Info/UMMG
2026-02-11 14:53:40,039 - parsers - INFO - Parsing airport page: https://acukwik.com/Airport-Info/UBBB
2026-02-11 14:53:41,869 - parsers - INFO - Parsing airport page: https://acukwik.com/Airport-Info/UMLI
2026-02-11 14:53:42,306 - parsers - INFO - Parsing airport page: https://acukwik.com/Airport-Info/UMII
2026-02-11 14:53:42,556 - parsers - INFO - Parsing airport page: https://acukwik.com/Airport-Info/UBBQ
2026-02-11 14:53:42,560 - parsers - INFO - Parsing airport page: https://acukwik.com/Airport-Info/UBBF
2026-02-11 14:53:43,115 - parsers - INFO - Parsing airport page: https://acukwik.com/Airport-Info/UBEE
2026-02-11 14:53:43,504 - parsers - INFO - Parsing airport page: https://acukwik.com/Airport-Info/UMIO
2026-02-11 14:53:43,988 - parsers - INFO - Parsing airport page: https://acukwik.com/Airport-Info/UMMS
2026-02-11 14:53:44,011 - parsers - INFO - Parsing airport page: https://acukwik.com/Airport-Info/UMOO
2026-02-11 14:53:44,114 - parsers - INFO - Parsing airport page: https://acukwik.com/Airport-Info/UBBL
2026-02-11 14:53:44,184 - parsers - INFO - Parsing airport page: https://acukwik.com/Airport-Info/UBBY
2026-02-11 14:53:44,366 - parsers - INFO - Parsing airport page: https://acukwik.com/Airport-Info/UMBB
2026-02-11 14:53:44,974 - parsers - INFO - Parsing airport page: https://acukwik.com/Airport-Info/UBBG
2026-02-11 14:56:00,900 - output - INFO - Flushed 1 success records
2026-02-11 14:56:00,920 - output - INFO - Flushed 1 success records
2026-02-11 14:56:00,930 - output - INFO - Flushed 1 success records
2026-02-11 14:56:00,930 - __main__ - INFO - Successfully scraped 3 entities from: acukwik_airport_37f5675d (took 154004ms)
2026-02-11 14:56:04,813 - output - INFO - Flushed 1 success records
2026-02-11 14:56:04,836 - output - INFO - Flushed 1 success records
2026-02-11 14:56:04,849 - output - INFO - Flushed 1 success records
2026-02-11 14:56:04,871 - output - INFO - Flushed 1 success records
2026-02-11 14:56:04,880 - output - INFO - Flushed 1 success records
2026-02-11 14:56:04,895 - output - INFO - Flushed 1 success records
2026-02-11 14:56:04,917 - output - INFO - Flushed 1 success records
2026-02-11 14:56:04,928 - output - INFO - Flushed 1 success records
2026-02-11 14:56:04,936 - output - INFO - Flushed 1 success records
2026-02-11 14:56:04,936 - __main__ - INFO - Successfully scraped 9 entities from: acukwik_airport_c577060b (took 154853ms)
2026-02-11 14:56:06,413 - auth - INFO - Loaded 6 cookies from ../cookies.json
2026-02-11 14:56:08,951 - auth - INFO - Loaded 6 cookies from ../cookies.json
2026-02-11 14:56:09,343 - urllib3.connectionpool - WARNING - Retrying (Retry(total=2, connect=None, read=None, redirect=None, status=None)) after connection broken by 'NewConnectionError("HTTPConnection(host='localhost', port=43191): Failed to establish a new connection: [Errno 111] Connection refused")': /session/3feb755049b8a6c67c7f758f800f4ee3/element/f.3401254D29542C52BE3EACD04DB8DE86.d.A03F1D484D97029C15A9777EA1EC90C5.e.125/element
2026-02-11 14:56:09,344 - auth - ERROR - Failed to apply cookies: ('Connection aborted.', RemoteDisconnected('Remote end closed connection without response'))
2026-02-11 14:56:09,483 - __main__ - ERROR - Error scraping https://acukwik.com/Airport-Info/VGBR (attempt 1): ('Connection aborted.', RemoteDisconnected('Remote end closed connection without response'))
2026-02-11 14:56:09,483 - __main__ - INFO - Retrying in 5.19 seconds...
2026-02-11 14:56:09,344 - auth - ERROR - Failed to apply cookies: ('Connection aborted.', RemoteDisconnected('Remote end closed connection without response'))
2026-02-11 14:56:09,511 - __main__ - ERROR - Error scraping https://acukwik.com/Airport-Info/VGBG (attempt 1): ('Connection aborted.', RemoteDisconnected('Remote end closed connection without response'))
2026-02-11 14:56:09,362 - urllib3.connectionpool - WARNING - Retrying (Retry(total=2, connect=None, read=None, redirect=None, status=None)) after connection broken by 'RemoteDisconnected('Remote end closed connection without response')': /session/f9198ffa0d7e4f4519abcb42ab00527a/element/f.319D15C75B21A20E40A91D1371CCC27B.d.CDBE3E09CF6DB41AF9ED32C2BDD448FC.e.147/text
2026-02-11 14:56:09,479 - urllib3.connectionpool - WARNING - Retrying (Retry(total=2, connect=None, read=None, redirect=None, status=None)) after connection broken by 'NewConnectionError("HTTPConnection(host='localhost', port=45363): Failed to establish a new connection: [Errno 111] Connection refused")': /session/a731cdc924fa553cbda761a80ed188a9/element/f.4D876AEDFD33ABF30F9140C94EFC23A4.d.CDCA943551C5470128A96CFA765900BA.e.151/element
2026-02-11 14:56:09,512 - __main__ - INFO - Retrying in 5.36 seconds...
2026-02-11 14:56:09,511 - output - INFO - Flushed 1 success records
2026-02-11 14:56:09,513 - urllib3.connectionpool - WARNING - Retrying (Retry(total=1, connect=None, read=None, redirect=None, status=None)) after connection broken by 'NewConnectionError("HTTPConnection(host='localhost', port=37975): Failed to establish a new connection: [Errno 111] Connection refused")': /session/f9198ffa0d7e4f4519abcb42ab00527a/element/f.319D15C75B21A20E40A91D1371CCC27B.d.CDBE3E09CF6DB41AF9ED32C2BDD448FC.e.147/text
2026-02-11 14:56:09,480 - urllib3.connectionpool - WARNING - Retrying (Retry(total=2, connect=None, read=None, redirect=None, status=None)) after connection broken by 'NewConnectionError("HTTPConnection(host='localhost', port=41081): Failed to establish a new connection: [Errno 111] Connection refused")': /session/49eeda3b0beac1ab0ae3f5316e5ad997/element/f.1157D60CF64C5283B4BF86AB11AD470D.d.02073340BCE4F3A02B9EB6ADCEF39B80.e.134/element
2026-02-11 14:56:09,485 - urllib3.connectionpool - WARNING - Retrying (Retry(total=1, connect=None, read=None, redirect=None, status=None)) after connection broken by 'NewConnectionError("HTTPConnection(host='localhost', port=43191): Failed to establish a new connection: [Errno 111] Connection refused")': /session/3feb755049b8a6c67c7f758f800f4ee3/element/f.3401254D29542C52BE3EACD04DB8DE86.d.A03F1D484D97029C15A9777EA1EC90C5.e.125/element
2026-02-11 14:56:09,519 - output - INFO - Flushed 1 success records
2026-02-11 14:56:09,518 - __main__ - INFO - Successfully scraped 1 entities from: acukwik_airport_6aaa4e02 (took 162180ms)
2026-02-11 14:56:09,518 - urllib3.connectionpool - WARNING - Retrying (Retry(total=1, connect=None, read=None, redirect=None, status=None)) after connection broken by 'NewConnectionError("HTTPConnection(host='localhost', port=45363): Failed to establish a new connection: [Errno 111] Connection refused")': /session/a731cdc924fa553cbda761a80ed188a9/element/f.4D876AEDFD33ABF30F9140C94EFC23A4.d.CDCA943551C5470128A96CFA765900BA.e.151/element
2026-02-11 14:56:09,521 - urllib3.connectionpool - WARNING - Retrying (Retry(total=0, connect=None, read=None, redirect=None, status=None)) after connection broken by 'NewConnectionError("HTTPConnection(host='localhost', port=43191): Failed to establish a new connection: [Errno 111] Connection refused")': /session/3feb755049b8a6c67c7f758f800f4ee3/element/f.3401254D29542C52BE3EACD04DB8DE86.d.A03F1D484D97029C15A9777EA1EC90C5.e.125/element
2026-02-11 14:56:09,520 - urllib3.connectionpool - WARNING - Retrying (Retry(total=1, connect=None, read=None, redirect=None, status=None)) after connection broken by 'NewConnectionError("HTTPConnection(host='localhost', port=41081): Failed to establish a new connection: [Errno 111] Connection refused")': /session/49eeda3b0beac1ab0ae3f5316e5ad997/element/f.1157D60CF64C5283B4BF86AB11AD470D.d.02073340BCE4F3A02B9EB6ADCEF39B80.e.134/element
2026-02-11 14:56:09,524 - urllib3.connectionpool - WARNING - Retrying (Retry(total=2, connect=None, read=None, redirect=None, status=None)) after connection broken by 'NewConnectionError("HTTPConnection(host='localhost', port=35805): Failed to establish a new connection: [Errno 111] Connection refused")': /session/ce1d84a9428be6b94d75a97fa3f06c7d
2026-02-11 14:56:09,526 - urllib3.connectionpool - WARNING - Retrying (Retry(total=0, connect=None, read=None, redirect=None, status=None)) after connection broken by 'NewConnectionError("HTTPConnection(host='localhost', port=37975): Failed to establish a new connection: [Errno 111] Connection refused")': /session/f9198ffa0d7e4f4519abcb42ab00527a/element/f.319D15C75B21A20E40A91D1371CCC27B.d.CDBE3E09CF6DB41AF9ED32C2BDD448FC.e.147/text
2026-02-11 14:56:09,526 - urllib3.connectionpool - WARNING - Retrying (Retry(total=2, connect=None, read=None, redirect=None, status=None)) after connection broken by 'NewConnectionError("HTTPConnection(host='localhost', port=43191): Failed to establish a new connection: [Errno 111] Connection refused")': /session/3feb755049b8a6c67c7f758f800f4ee3/element/f.3401254D29542C52BE3EACD04DB8DE86.d.A03F1D484D97029C15A9777EA1EC90C5.e.125/element
2026-02-11 14:56:09,529 - __main__ - INFO - Successfully scraped 1 entities from: acukwik_airport_968d75b2 (took 161678ms)
2026-02-11 14:56:09,529 - output - INFO - Flushed 1 success records
2026-02-11 14:56:09,534 - urllib3.connectionpool - WARNING - Retrying (Retry(total=2, connect=None, read=None, redirect=None, status=None)) after connection broken by 'NewConnectionError("HTTPConnection(host='localhost', port=43289): Failed to establish a new connection: [Errno 111] Connection refused")': /session/81628a327694996ee3765da521f78f2f
2026-02-11 14:56:09,538 - urllib3.connectionpool - WARNING - Retrying (Retry(total=2, connect=None, read=None, redirect=None, status=None)) after connection broken by 'NewConnectionError("HTTPConnection(host='localhost', port=37975): Failed to establish a new connection: [Errno 111] Connection refused")': /session/f9198ffa0d7e4f4519abcb42ab00527a/element/f.319D15C75B21A20E40A91D1371CCC27B.d.CDBE3E09CF6DB41AF9ED32C2BDD448FC.e.148/element
2026-02-11 14:56:09,538 - urllib3.connectionpool - WARNING - Retrying (Retry(total=1, connect=None, read=None, redirect=None, status=None)) after connection broken by 'NewConnectionError("HTTPConnection(host='localhost', port=35805): Failed to establish a new connection: [Errno 111] Connection refused")': /session/ce1d84a9428be6b94d75a97fa3f06c7d
2026-02-11 14:56:09,539 - urllib3.connectionpool - WARNING - Retrying (Retry(total=0, connect=None, read=None, redirect=None, status=None)) after connection broken by 'NewConnectionError("HTTPConnection(host='localhost', port=41081): Failed to establish a new connection: [Errno 111] Connection refused")': /session/49eeda3b0beac1ab0ae3f5316e5ad997/element/f.1157D60CF64C5283B4BF86AB11AD470D.d.02073340BCE4F3A02B9EB6ADCEF39B80.e.134/element
2026-02-11 14:56:09,541 - urllib3.connectionpool - WARNING - Retrying (Retry(total=1, connect=None, read=None, redirect=None, status=None)) after connection broken by 'NewConnectionError("HTTPConnection(host='localhost', port=37975): Failed to establish a new connection: [Errno 111] Connection refused")': /session/f9198ffa0d7e4f4519abcb42ab00527a/element/f.319D15C75B21A20E40A91D1371CCC27B.d.CDBE3E09CF6DB41AF9ED32C2BDD448FC.e.148/element
2026-02-11 14:56:09,541 - urllib3.connectionpool - WARNING - Retrying (Retry(total=1, connect=None, read=None, redirect=None, status=None)) after connection broken by 'NewConnectionError("HTTPConnection(host='localhost', port=43289): Failed to establish a new connection: [Errno 111] Connection refused")': /session/81628a327694996ee3765da521f78f2f
2026-02-11 14:56:09,545 - urllib3.connectionpool - WARNING - Retrying (Retry(total=2, connect=None, read=None, redirect=None, status=None)) after connection broken by 'NewConnectionError("HTTPConnection(host='localhost', port=41081): Failed to establish a new connection: [Errno 111] Connection refused")': /session/49eeda3b0beac1ab0ae3f5316e5ad997/element/f.1157D60CF64C5283B4BF86AB11AD470D.d.02073340BCE4F3A02B9EB6ADCEF39B80.e.134/elements
2026-02-11 14:56:09,548 - urllib3.connectionpool - WARNING - Retrying (Retry(total=0, connect=None, read=None, redirect=None, status=None)) after connection broken by 'NewConnectionError("HTTPConnection(host='localhost', port=35805): Failed to establish a new connection: [Errno 111] Connection refused")': /session/ce1d84a9428be6b94d75a97fa3f06c7d
2026-02-11 14:56:09,555 - urllib3.connectionpool - WARNING - Retrying (Retry(total=0, connect=None, read=None, redirect=None, status=None)) after connection broken by 'NewConnectionError("HTTPConnection(host='localhost', port=37975): Failed to establish a new connection: [Errno 111] Connection refused")': /session/f9198ffa0d7e4f4519abcb42ab00527a/element/f.319D15C75B21A20E40A91D1371CCC27B.d.CDBE3E09CF6DB41AF9ED32C2BDD448FC.e.148/element
2026-02-11 14:56:09,593 - urllib3.connectionpool - WARNING - Retrying (Retry(total=2, connect=None, read=None, redirect=None, status=None)) after connection broken by 'NewConnectionError("HTTPConnection(host='localhost', port=37975): Failed to establish a new connection: [Errno 111] Connection refused")': /session/f9198ffa0d7e4f4519abcb42ab00527a/element/f.319D15C75B21A20E40A91D1371CCC27B.d.CDBE3E09CF6DB41AF9ED32C2BDD448FC.e.149/element
2026-02-11 14:56:09,616 - output - INFO - Flushed 1 success records
2026-02-11 14:56:09,618 - urllib3.connectionpool - WARNING - Retrying (Retry(total=1, connect=None, read=None, redirect=None, status=None)) after connection broken by 'NewConnectionError("HTTPConnection(host='localhost', port=43191): Failed to establish a new connection: [Errno 111] Connection refused")': /session/3feb755049b8a6c67c7f758f800f4ee3/element/f.3401254D29542C52BE3EACD04DB8DE86.d.A03F1D484D97029C15A9777EA1EC90C5.e.125/element
2026-02-11 14:56:09,618 - urllib3.connectionpool - WARNING - Retrying (Retry(total=0, connect=None, read=None, redirect=None, status=None)) after connection broken by 'NewConnectionError("HTTPConnection(host='localhost', port=45363): Failed to establish a new connection: [Errno 111] Connection refused")': /session/a731cdc924fa553cbda761a80ed188a9/element/f.4D876AEDFD33ABF30F9140C94EFC23A4.d.CDCA943551C5470128A96CFA765900BA.e.151/element
2026-02-11 14:56:09,621 - urllib3.connectionpool - WARNING - Retrying (Retry(total=0, connect=None, read=None, redirect=None, status=None)) after connection broken by 'NewConnectionError("HTTPConnection(host='localhost', port=43191): Failed to establish a new connection: [Errno 111] Connection refused")': /session/3feb755049b8a6c67c7f758f800f4ee3/element/f.3401254D29542C52BE3EACD04DB8DE86.d.A03F1D484D97029C15A9777EA1EC90C5.e.125/element
2026-02-11 14:56:09,622 - urllib3.connectionpool - WARNING - Retrying (Retry(total=1, connect=None, read=None, redirect=None, status=None)) after connection broken by 'NewConnectionError("HTTPConnection(host='localhost', port=41081): Failed to establish a new connection: [Errno 111] Connection refused")': /session/49eeda3b0beac1ab0ae3f5316e5ad997/element/f.1157D60CF64C5283B4BF86AB11AD470D.d.02073340BCE4F3A02B9EB6ADCEF39B80.e.134/elements
2026-02-11 14:56:09,909 - __main__ - WARNING - Scraping interrupted by user
2026-02-11 14:56:09,925 - urllib3.connectionpool - WARNING - Retrying (Retry(total=0, connect=None, read=None, redirect=None, status=None)) after connection broken by 'NewConnectionError("HTTPConnection(host='localhost', port=43289): Failed to establish a new connection: [Errno 111] Connection refused")': /session/81628a327694996ee3765da521f78f2f
2026-02-11 14:56:09,931 - __main__ - INFO - Successfully scraped 1 entities from: acukwik_airport_082b03d0 (took 163729ms)
2026-02-11 14:56:09,952 - __main__ - ERROR - Error scraping https://acukwik.com/Airport-Info/VGEG (attempt 1): Message: Unable to obtain driver for chrome; For documentation on this error, please visit: https://www.selenium.dev/documentation/webdriver/troubleshooting/errors/driver_location

2026-02-11 14:56:09,953 - output - INFO - Flushed 1 success records
2026-02-11 14:56:09,965 - urllib3.connectionpool - WARNING - Retrying (Retry(total=1, connect=None, read=None, redirect=None, status=None)) after connection broken by 'NewConnectionError("HTTPConnection(host='localhost', port=37975): Failed to establish a new connection: [Errno 111] Connection refused")': /session/f9198ffa0d7e4f4519abcb42ab00527a/element/f.319D15C75B21A20E40A91D1371CCC27B.d.CDBE3E09CF6DB41AF9ED32C2BDD448FC.e.149/element
2026-02-11 14:56:09,965 - urllib3.connectionpool - WARNING - Retrying (Retry(total=2, connect=None, read=None, redirect=None, status=None)) after connection broken by 'NewConnectionError("HTTPConnection(host='localhost', port=53811): Failed to establish a new connection: [Errno 111] Connection refused")': /session/a31df14ad7f136a62ee6ec8a78f8dfa9
2026-02-11 14:56:09,966 - urllib3.connectionpool - WARNING - Retrying (Retry(total=2, connect=None, read=None, redirect=None, status=None)) after connection broken by 'NewConnectionError("HTTPConnection(host='localhost', port=45363): Failed to establish a new connection: [Errno 111] Connection refused")': /session/a731cdc924fa553cbda761a80ed188a9/element/f.4D876AEDFD33ABF30F9140C94EFC23A4.d.CDCA943551C5470128A96CFA765900BA.e.151/elements
2026-02-11 14:56:09,968 - urllib3.connectionpool - WARNING - Retrying (Retry(total=0, connect=None, read=None, redirect=None, status=None)) after connection broken by 'NewConnectionError("HTTPConnection(host='localhost', port=41081): Failed to establish a new connection: [Errno 111] Connection refused")': /session/49eeda3b0beac1ab0ae3f5316e5ad997/element/f.1157D60CF64C5283B4BF86AB11AD470D.d.02073340BCE4F3A02B9EB6ADCEF39B80.e.134/elements
2026-02-11 14:56:09,971 - __main__ - INFO - Retrying in 5.26 seconds...
2026-02-11 14:56:09,973 - urllib3.connectionpool - WARNING - Retrying (Retry(total=1, connect=None, read=None, redirect=None, status=None)) after connection broken by 'NewConnectionError("HTTPConnection(host='localhost', port=53811): Failed to establish a new connection: [Errno 111] Connection refused")': /session/a31df14ad7f136a62ee6ec8a78f8dfa9
2026-02-11 14:56:09,974 - __main__ - INFO - Successfully scraped 1 entities from: acukwik_airport_95435662 (took 160877ms)
2026-02-11 14:56:09,974 - urllib3.connectionpool - WARNING - Retrying (Retry(total=0, connect=None, read=None, redirect=None, status=None)) after connection broken by 'NewConnectionError("HTTPConnection(host='localhost', port=37975): Failed to establish a new connection: [Errno 111] Connection refused")': /session/f9198ffa0d7e4f4519abcb42ab00527a/element/f.319D15C75B21A20E40A91D1371CCC27B.d.CDBE3E09CF6DB41AF9ED32C2BDD448FC.e.149/element
2026-02-11 14:56:09,990 - urllib3.connectionpool - WARNING - Retrying (Retry(total=2, connect=None, read=None, redirect=None, status=None)) after connection broken by 'NewConnectionError("HTTPConnection(host='localhost', port=37975): Failed to establish a new connection: [Errno 111] Connection refused")': /session/f9198ffa0d7e4f4519abcb42ab00527a/element/f.319D15C75B21A20E40A91D1371CCC27B.d.CDBE3E09CF6DB41AF9ED32C2BDD448FC.e.150/element
2026-02-11 14:56:09,984 - urllib3.connectionpool - WARNING - Retrying (Retry(total=0, connect=None, read=None, redirect=None, status=None)) after connection broken by 'NewConnectionError("HTTPConnection(host='localhost', port=53811): Failed to establish a new connection: [Errno 111] Connection refused")': /session/a31df14ad7f136a62ee6ec8a78f8dfa9
2026-02-11 14:56:09,985 - output - INFO - Flushed 1 success records
2026-02-11 14:56:09,985 - urllib3.connectionpool - WARNING - Retrying (Retry(total=2, connect=None, read=None, redirect=None, status=None)) after connection broken by 'NewConnectionError("HTTPConnection(host='localhost', port=43191): Failed to establish a new connection: [Errno 111] Connection refused")': /session/3feb755049b8a6c67c7f758f800f4ee3/element/f.3401254D29542C52BE3EACD04DB8DE86.d.A03F1D484D97029C15A9777EA1EC90C5.e.125/elements
2026-02-11 14:56:10,003 - urllib3.connectionpool - WARNING - Retrying (Retry(total=1, connect=None, read=None, redirect=None, status=None)) after connection broken by 'NewConnectionError("HTTPConnection(host='localhost', port=45363): Failed to establish a new connection: [Errno 111] Connection refused")': /session/a731cdc924fa553cbda761a80ed188a9/element/f.4D876AEDFD33ABF30F9140C94EFC23A4.d.CDCA943551C5470128A96CFA765900BA.e.151/elements
2026-02-11 14:56:10,002 - urllib3.connectionpool - WARNING - Retrying (Retry(total=2, connect=None, read=None, redirect=None, status=None)) after connection broken by 'NewConnectionError("HTTPConnection(host='localhost', port=39697): Failed to establish a new connection: [Errno 111] Connection refused")': /session/ced62ca1eabd43eb89f10f1bb7ac77ab
2026-02-11 14:56:10,010 - __main__ - INFO - Successfully scraped 1 entities from: acukwik_airport_568fe66f (took 163291ms)
2026-02-11 14:56:10,011 - urllib3.connectionpool - WARNING - Retrying (Retry(total=2, connect=None, read=None, redirect=None, status=None)) after connection broken by 'NewConnectionError("HTTPConnection(host='localhost', port=41081): Failed to establish a new connection: [Errno 111] Connection refused")': /session/49eeda3b0beac1ab0ae3f5316e5ad997/element/f.1157D60CF64C5283B4BF86AB11AD470D.d.02073340BCE4F3A02B9EB6ADCEF39B80.e.134/elements
2026-02-11 14:56:10,014 - urllib3.connectionpool - WARNING - Retrying (Retry(total=1, connect=None, read=None, redirect=None, status=None)) after connection broken by 'NewConnectionError("HTTPConnection(host='localhost', port=37975): Failed to establish a new connection: [Errno 111] Connection refused")': /session/f9198ffa0d7e4f4519abcb42ab00527a/element/f.319D15C75B21A20E40A91D1371CCC27B.d.CDBE3E09CF6DB41AF9ED32C2BDD448FC.e.150/element
2026-02-11 14:56:10,043 - urllib3.connectionpool - WARNING - Retrying (Retry(total=1, connect=None, read=None, redirect=None, status=None)) after connection broken by 'NewConnectionError("HTTPConnection(host='localhost', port=41081): Failed to establish a new connection: [Errno 111] Connection refused")': /session/49eeda3b0beac1ab0ae3f5316e5ad997/element/f.1157D60CF64C5283B4BF86AB11AD470D.d.02073340BCE4F3A02B9EB6ADCEF39B80.e.134/elements
2026-02-11 14:56:10,044 - urllib3.connectionpool - WARNING - Retrying (Retry(total=0, connect=None, read=None, redirect=None, status=None)) after connection broken by 'NewConnectionError("HTTPConnection(host='localhost', port=41081): Failed to establish a new connection: [Errno 111] Connection refused")': /session/49eeda3b0beac1ab0ae3f5316e5ad997/element/f.1157D60CF64C5283B4BF86AB11AD470D.d.02073340BCE4F3A02B9EB6ADCEF39B80.e.134/elements
2026-02-11 14:56:10,020 - urllib3.connectionpool - WARNING - Retrying (Retry(total=0, connect=None, read=None, redirect=None, status=None)) after connection broken by 'NewConnectionError("HTTPConnection(host='localhost', port=45363): Failed to establish a new connection: [Errno 111] Connection refused")': /session/a731cdc924fa553cbda761a80ed188a9/element/f.4D876AEDFD33ABF30F9140C94EFC23A4.d.CDCA943551C5470128A96CFA765900BA.e.151/elements
2026-02-11 14:56:10,023 - urllib3.connectionpool - WARNING - Retrying (Retry(total=1, connect=None, read=None, redirect=None, status=None)) after connection broken by 'NewConnectionError("HTTPConnection(host='localhost', port=43191): Failed to establish a new connection: [Errno 111] Connection refused")': /session/3feb755049b8a6c67c7f758f800f4ee3/element/f.3401254D29542C52BE3EACD04DB8DE86.d.A03F1D484D97029C15A9777EA1EC90C5.e.125/elements
2026-02-11 14:56:10,016 - output - INFO - Flushed 1 success records
2026-02-11 14:56:10,023 - urllib3.connectionpool - WARNING - Retrying (Retry(total=1, connect=None, read=None, redirect=None, status=None)) after connection broken by 'NewConnectionError("HTTPConnection(host='localhost', port=39697): Failed to establish a new connection: [Errno 111] Connection refused")': /session/ced62ca1eabd43eb89f10f1bb7ac77ab
2026-02-11 14:56:10,042 - urllib3.connectionpool - WARNING - Retrying (Retry(total=2, connect=None, read=None, redirect=None, status=None)) after connection broken by 'NewConnectionError("HTTPConnection(host='localhost', port=33103): Failed to establish a new connection: [Errno 111] Connection refused")': /session/7329468b5e13a4c4074820743eaad3f3
2026-02-11 14:56:10,088 - urllib3.connectionpool - WARNING - Retrying (Retry(total=2, connect=None, read=None, redirect=None, status=None)) after connection broken by 'NewConnectionError("HTTPConnection(host='localhost', port=41081): Failed to establish a new connection: [Errno 111] Connection refused")': /session/49eeda3b0beac1ab0ae3f5316e5ad997/element/f.1157D60CF64C5283B4BF86AB11AD470D.d.02073340BCE4F3A02B9EB6ADCEF39B80.e.134/elements
2026-02-11 14:56:10,098 - urllib3.connectionpool - WARNING - Retrying (Retry(total=0, connect=None, read=None, redirect=None, status=None)) after connection broken by 'NewConnectionError("HTTPConnection(host='localhost', port=43191): Failed to establish a new connection: [Errno 111] Connection refused")': /session/3feb755049b8a6c67c7f758f800f4ee3/element/f.3401254D29542C52BE3EACD04DB8DE86.d.A03F1D484D97029C15A9777EA1EC90C5.e.125/elements
2026-02-11 14:56:10,100 - urllib3.connectionpool - WARNING - Retrying (Retry(total=2, connect=None, read=None, redirect=None, status=None)) after connection broken by 'NewConnectionError("HTTPConnection(host='localhost', port=45363): Failed to establish a new connection: [Errno 111] Connection refused")': /session/a731cdc924fa553cbda761a80ed188a9/element/f.4D876AEDFD33ABF30F9140C94EFC23A4.d.CDCA943551C5470128A96CFA765900BA.e.151/elements
2026-02-11 14:56:10,108 - urllib3.connectionpool - WARNING - Retrying (Retry(total=0, connect=None, read=None, redirect=None, status=None)) after connection broken by 'NewConnectionError("HTTPConnection(host='localhost', port=37975): Failed to establish a new connection: [Errno 111] Connection refused")': /session/f9198ffa0d7e4f4519abcb42ab00527a/element/f.319D15C75B21A20E40A91D1371CCC27B.d.CDBE3E09CF6DB41AF9ED32C2BDD448FC.e.150/element
2026-02-11 14:56:10,114 - urllib3.connectionpool - WARNING - Retrying (Retry(total=2, connect=None, read=None, redirect=None, status=None)) after connection broken by 'NewConnectionError("HTTPConnection(host='localhost', port=37975): Failed to establish a new connection: [Errno 111] Connection refused")': /session/f9198ffa0d7e4f4519abcb42ab00527a/elements
2026-02-11 14:56:10,120 - urllib3.connectionpool - WARNING - Retrying (Retry(total=1, connect=None, read=None, redirect=None, status=None)) after connection broken by 'NewConnectionError("HTTPConnection(host='localhost', port=33103): Failed to establish a new connection: [Errno 111] Connection refused")': /session/7329468b5e13a4c4074820743eaad3f3
2026-02-11 14:56:10,123 - urllib3.connectionpool - WARNING - Retrying (Retry(total=0, connect=None, read=None, redirect=None, status=None)) after connection broken by 'NewConnectionError("HTTPConnection(host='localhost', port=33103): Failed to establish a new connection: [Errno 111] Connection refused")': /session/7329468b5e13a4c4074820743eaad3f3
2026-02-11 14:56:10,127 - urllib3.connectionpool - WARNING - Retrying (Retry(total=1, connect=None, read=None, redirect=None, status=None)) after connection broken by 'NewConnectionError("HTTPConnection(host='localhost', port=41081): Failed to establish a new connection: [Errno 111] Connection refused")': /session/49eeda3b0beac1ab0ae3f5316e5ad997/element/f.1157D60CF64C5283B4BF86AB11AD470D.d.02073340BCE4F3A02B9EB6ADCEF39B80.e.134/elements
2026-02-11 14:56:10,135 - urllib3.connectionpool - WARNING - Retrying (Retry(total=1, connect=None, read=None, redirect=None, status=None)) after connection broken by 'NewConnectionError("HTTPConnection(host='localhost', port=37975): Failed to establish a new connection: [Errno 111] Connection refused")': /session/f9198ffa0d7e4f4519abcb42ab00527a/elements
2026-02-11 14:56:10,130 - __main__ - INFO - Successfully scraped 1 entities from: acukwik_airport_91c0b5bd (took 161154ms)
2026-02-11 14:56:10,141 - output - INFO - Flushed 1 success records
2026-02-11 14:56:10,154 - urllib3.connectionpool - WARNING - Retrying (Retry(total=0, connect=None, read=None, redirect=None, status=None)) after connection broken by 'NewConnectionError("HTTPConnection(host='localhost', port=39697): Failed to establish a new connection: [Errno 111] Connection refused")': /session/ced62ca1eabd43eb89f10f1bb7ac77ab
2026-02-11 14:56:10,155 - urllib3.connectionpool - WARNING - Retrying (Retry(total=0, connect=None, read=None, redirect=None, status=None)) after connection broken by 'NewConnectionError("HTTPConnection(host='localhost', port=41081): Failed to establish a new connection: [Errno 111] Connection refused")': /session/49eeda3b0beac1ab0ae3f5316e5ad997/element/f.1157D60CF64C5283B4BF86AB11AD470D.d.02073340BCE4F3A02B9EB6ADCEF39B80.e.134/elements
2026-02-11 14:56:10,172 - urllib3.connectionpool - WARNING - Retrying (Retry(total=2, connect=None, read=None, redirect=None, status=None)) after connection broken by 'NewConnectionError("HTTPConnection(host='localhost', port=36627): Failed to establish a new connection: [Errno 111] Connection refused")': /session/f676caf177393f46b96411ee484dda4a
2026-02-11 14:56:10,181 - urllib3.connectionpool - WARNING - Retrying (Retry(total=2, connect=None, read=None, redirect=None, status=None)) after connection broken by 'NewConnectionError("HTTPConnection(host='localhost', port=41081): Failed to establish a new connection: [Errno 111] Connection refused")': /session/49eeda3b0beac1ab0ae3f5316e5ad997/element/f.1157D60CF64C5283B4BF86AB11AD470D.d.02073340BCE4F3A02B9EB6ADCEF39B80.e.135/element
2026-02-11 14:56:10,183 - urllib3.connectionpool - WARNING - Retrying (Retry(total=1, connect=None, read=None, redirect=None, status=None)) after connection broken by 'NewConnectionError("HTTPConnection(host='localhost', port=41081): Failed to establish a new connection: [Errno 111] Connection refused")': /session/49eeda3b0beac1ab0ae3f5316e5ad997/element/f.1157D60CF64C5283B4BF86AB11AD470D.d.02073340BCE4F3A02B9EB6ADCEF39B80.e.135/element
2026-02-11 14:56:10,194 - urllib3.connectionpool - WARNING - Retrying (Retry(total=2, connect=None, read=None, redirect=None, status=None)) after connection broken by 'NewConnectionError("HTTPConnection(host='localhost', port=43191): Failed to establish a new connection: [Errno 111] Connection refused")': /session/3feb755049b8a6c67c7f758f800f4ee3/element/f.3401254D29542C52BE3EACD04DB8DE86.d.A03F1D484D97029C15A9777EA1EC90C5.e.125/elements
2026-02-11 14:56:10,201 - urllib3.connectionpool - WARNING - Retrying (Retry(total=0, connect=None, read=None, redirect=None, status=None)) after connection broken by 'NewConnectionError("HTTPConnection(host='localhost', port=41081): Failed to establish a new connection: [Errno 111] Connection refused")': /session/49eeda3b0beac1ab0ae3f5316e5ad997/element/f.1157D60CF64C5283B4BF86AB11AD470D.d.02073340BCE4F3A02B9EB6ADCEF39B80.e.135/element
2026-02-11 14:56:10,217 - urllib3.connectionpool - WARNING - Retrying (Retry(total=0, connect=None, read=None, redirect=None, status=None)) after connection broken by 'NewConnectionError("HTTPConnection(host='localhost', port=37975): Failed to establish a new connection: [Errno 111] Connection refused")': /session/f9198ffa0d7e4f4519abcb42ab00527a/elements
2026-02-11 14:56:10,219 - urllib3.connectionpool - WARNING - Retrying (Retry(total=1, connect=None, read=None, redirect=None, status=None)) after connection broken by 'NewConnectionError("HTTPConnection(host='localhost', port=36627): Failed to establish a new connection: [Errno 111] Connection refused")': /session/f676caf177393f46b96411ee484dda4a
2026-02-11 14:56:10,223 - urllib3.connectionpool - WARNING - Retrying (Retry(total=1, connect=None, read=None, redirect=None, status=None)) after connection broken by 'NewConnectionError("HTTPConnection(host='localhost', port=45363): Failed to establish a new connection: [Errno 111] Connection refused")': /session/a731cdc924fa553cbda761a80ed188a9/element/f.4D876AEDFD33ABF30F9140C94EFC23A4.d.CDCA943551C5470128A96CFA765900BA.e.151/elements
2026-02-11 14:56:10,224 - __main__ - INFO - Successfully scraped 1 entities from: acukwik_airport_d3b56c0d (took 162829ms)
2026-02-11 14:56:10,229 - urllib3.connectionpool - WARNING - Retrying (Retry(total=1, connect=None, read=None, redirect=None, status=None)) after connection broken by 'NewConnectionError("HTTPConnection(host='localhost', port=43191): Failed to establish a new connection: [Errno 111] Connection refused")': /session/3feb755049b8a6c67c7f758f800f4ee3/element/f.3401254D29542C52BE3EACD04DB8DE86.d.A03F1D484D97029C15A9777EA1EC90C5.e.125/elements
2026-02-11 14:56:10,233 - output - INFO - Flushed 1 success records
2026-02-11 14:56:10,322 - __main__ - INFO - Successfully scraped 1 entities from: acukwik_airport_00cdd477 (took 161937ms)
2026-02-11 14:56:10,249 - urllib3.connectionpool - WARNING - Retrying (Retry(total=2, connect=None, read=None, redirect=None, status=None)) after connection broken by 'NewConnectionError("HTTPConnection(host='localhost', port=37975): Failed to establish a new connection: [Errno 111] Connection refused")': /session/f9198ffa0d7e4f4519abcb42ab00527a/elements
2026-02-11 14:56:10,348 - __main__ - ERROR - Error scraping https://acukwik.com/Airport-Info/VGIS (attempt 1): Message: Unable to obtain driver for chrome; For documentation on this error, please visit: https://www.selenium.dev/documentation/webdriver/troubleshooting/errors/driver_location

2026-02-11 14:56:10,348 - __main__ - INFO - Retrying in 5.12 seconds...
2026-02-11 14:56:10,349 - urllib3.connectionpool - WARNING - Retrying (Retry(total=0, connect=None, read=None, redirect=None, status=None)) after connection broken by 'NewConnectionError("HTTPConnection(host='localhost', port=43191): Failed to establish a new connection: [Errno 111] Connection refused")': /session/3feb755049b8a6c67c7f758f800f4ee3/element/f.3401254D29542C52BE3EACD04DB8DE86.d.A03F1D484D97029C15A9777EA1EC90C5.e.125/elements
2026-02-11 14:56:10,252 - urllib3.connectionpool - WARNING - Retrying (Retry(total=2, connect=None, read=None, redirect=None, status=None)) after connection broken by 'NewConnectionError("HTTPConnection(host='localhost', port=41081): Failed to establish a new connection: [Errno 111] Connection refused")': /session/49eeda3b0beac1ab0ae3f5316e5ad997/elements
2026-02-11 14:56:10,253 - urllib3.connectionpool - WARNING - Retrying (Retry(total=0, connect=None, read=None, redirect=None, status=None)) after connection broken by 'NewConnectionError("HTTPConnection(host='localhost', port=45363): Failed to establish a new connection: [Errno 111] Connection refused")': /session/a731cdc924fa553cbda761a80ed188a9/element/f.4D876AEDFD33ABF30F9140C94EFC23A4.d.CDCA943551C5470128A96CFA765900BA.e.151/elements
2026-02-11 14:56:10,300 - __main__ - INFO - Scraper shutdown complete
2026-02-11 14:56:10,321 - __main__ - ERROR - Error scraping https://acukwik.com/Airport-Info/VGCB (attempt 1): Message: Unable to obtain driver for chrome; For documentation on this error, please visit: https://www.selenium.dev/documentation/webdriver/troubleshooting/errors/driver_location

2026-02-11 14:56:10,351 - urllib3.connectionpool - WARNING - Retrying (Retry(total=2, connect=None, read=None, redirect=None, status=None)) after connection broken by 'NewConnectionError("HTTPConnection(host='localhost', port=40487): Failed to establish a new connection: [Errno 111] Connection refused")': /session/88d45faab41b4ee99178832b514db443
2026-02-11 14:56:10,301 - urllib3.connectionpool - WARNING - Retrying (Retry(total=2, connect=None, read=None, redirect=None, status=None)) after connection broken by 'NewConnectionError("HTTPConnection(host='localhost', port=40961): Failed to establish a new connection: [Errno 111] Connection refused")': /session/2b39646842ec39fdd0fb06cb03e6fd64
2026-02-11 14:56:10,249 - urllib3.connectionpool - WARNING - Retrying (Retry(total=0, connect=None, read=None, redirect=None, status=None)) after connection broken by 'NewConnectionError("HTTPConnection(host='localhost', port=36627): Failed to establish a new connection: [Errno 111] Connection refused")': /session/f676caf177393f46b96411ee484dda4a
2026-02-11 14:56:10,292 - __main__ - ERROR - Error scraping https://acukwik.com/Airport-Info/VGJR (attempt 1): Message: Unable to obtain driver for chrome; For documentation on this error, please visit: https://www.selenium.dev/documentation/webdriver/troubleshooting/errors/driver_location

2026-02-11 14:56:10,318 - __main__ - ERROR - Error scraping https://acukwik.com/Airport-Info/VGHS (attempt 1): Message: Unable to obtain driver for chrome; For documentation on this error, please visit: https://www.selenium.dev/documentation/webdriver/troubleshooting/errors/driver_location

2026-02-11 14:56:10,356 - output - INFO - Flushed 1 success records
2026-02-11 14:56:10,358 - urllib3.connectionpool - WARNING - Retrying (Retry(total=1, connect=None, read=None, redirect=None, status=None)) after connection broken by 'NewConnectionError("HTTPConnection(host='localhost', port=41081): Failed to establish a new connection: [Errno 111] Connection refused")': /session/49eeda3b0beac1ab0ae3f5316e5ad997/elements
2026-02-11 14:56:10,362 - urllib3.connectionpool - WARNING - Retrying (Retry(total=1, connect=None, read=None, redirect=None, status=None)) after connection broken by 'NewConnectionError("HTTPConnection(host='localhost', port=37975): Failed to establish a new connection: [Errno 111] Connection refused")': /session/f9198ffa0d7e4f4519abcb42ab00527a/elements
2026-02-11 14:56:10,363 - urllib3.connectionpool - WARNING - Retrying (Retry(total=0, connect=None, read=None, redirect=None, status=None)) after connection broken by 'NewConnectionError("HTTPConnection(host='localhost', port=41081): Failed to establish a new connection: [Errno 111] Connection refused")': /session/49eeda3b0beac1ab0ae3f5316e5ad997/elements
2026-02-11 14:56:10,368 - __main__ - INFO - Retrying in 5.26 seconds...
2026-02-11 14:56:10,372 - urllib3.connectionpool - WARNING - Retrying (Retry(total=2, connect=None, read=None, redirect=None, status=None)) after connection broken by 'NewConnectionError("HTTPConnection(host='localhost', port=43191): Failed to establish a new connection: [Errno 111] Connection refused")': /session/3feb755049b8a6c67c7f758f800f4ee3/element/f.3401254D29542C52BE3EACD04DB8DE86.d.A03F1D484D97029C15A9777EA1EC90C5.e.125/elements
2026-02-11 14:56:10,392 - urllib3.connectionpool - WARNING - Retrying (Retry(total=1, connect=None, read=None, redirect=None, status=None)) after connection broken by 'NewConnectionError("HTTPConnection(host='localhost', port=43191): Failed to establish a new connection: [Errno 111] Connection refused")': /session/3feb755049b8a6c67c7f758f800f4ee3/element/f.3401254D29542C52BE3EACD04DB8DE86.d.A03F1D484D97029C15A9777EA1EC90C5.e.125/elements
2026-02-11 14:56:10,401 - __main__ - INFO - Retrying in 5.02 seconds...
2026-02-11 14:56:10,401 - __main__ - INFO - Successfully scraped 1 entities from: acukwik_airport_22b0b05b (took 158284ms)
2026-02-11 14:56:10,403 - output - INFO - Flushed 1 success records
2026-02-11 14:56:10,413 - urllib3.connectionpool - WARNING - Retrying (Retry(total=1, connect=None, read=None, redirect=None, status=None)) after connection broken by 'NewConnectionError("HTTPConnection(host='localhost', port=40487): Failed to establish a new connection: [Errno 111] Connection refused")': /session/88d45faab41b4ee99178832b514db443
2026-02-11 14:56:10,430 - urllib3.connectionpool - WARNING - Retrying (Retry(total=0, connect=None, read=None, redirect=None, status=None)) after connection broken by 'NewConnectionError("HTTPConnection(host='localhost', port=43191): Failed to establish a new connection: [Errno 111] Connection refused")': /session/3feb755049b8a6c67c7f758f800f4ee3/element/f.3401254D29542C52BE3EACD04DB8DE86.d.A03F1D484D97029C15A9777EA1EC90C5.e.125/elements
2026-02-11 14:56:10,423 - __main__ - INFO - Retrying in 5.15 seconds...
2026-02-11 14:56:10,413 - output - INFO - Flushed 1 success records
2026-02-11 14:56:10,435 - urllib3.connectionpool - WARNING - Retrying (Retry(total=2, connect=None, read=None, redirect=None, status=None)) after connection broken by 'NewConnectionError("HTTPConnection(host='localhost', port=45363): Failed to establish a new connection: [Errno 111] Connection refused")': /session/a731cdc924fa553cbda761a80ed188a9/element/f.4D876AEDFD33ABF30F9140C94EFC23A4.d.CDCA943551C5470128A96CFA765900BA.e.151/elements
2026-02-11 14:56:10,445 - urllib3.connectionpool - WARNING - Retrying (Retry(total=1, connect=None, read=None, redirect=None, status=None)) after connection broken by 'NewConnectionError("HTTPConnection(host='localhost', port=40961): Failed to establish a new connection: [Errno 111] Connection refused")': /session/2b39646842ec39fdd0fb06cb03e6fd64
2026-02-11 14:56:10,652 - urllib3.connectionpool - WARNING - Retrying (Retry(total=0, connect=None, read=None, redirect=None, status=None)) after connection broken by 'NewConnectionError("HTTPConnection(host='localhost', port=40961): Failed to establish a new connection: [Errno 111] Connection refused")': /session/2b39646842ec39fdd0fb06cb03e6fd64
2026-02-11 14:56:10,454 - urllib3.connectionpool - WARNING - Retrying (Retry(total=2, connect=None, read=None, redirect=None, status=None)) after connection broken by 'NewConnectionError("HTTPConnection(host='localhost', port=59007): Failed to establish a new connection: [Errno 111] Connection refused")': /session/559dd1dfc6b8c5c75b44f5a2926f0282
2026-02-11 14:56:10,459 - urllib3.connectionpool - WARNING - Retrying (Retry(total=0, connect=None, read=None, redirect=None, status=None)) after connection broken by 'NewConnectionError("HTTPConnection(host='localhost', port=40487): Failed to establish a new connection: [Errno 111] Connection refused")': /session/88d45faab41b4ee99178832b514db443
2026-02-11 14:56:10,631 - output - INFO - Flushed 1 success records
2026-02-11 14:56:10,637 - urllib3.connectionpool - WARNING - Retrying (Retry(total=1, connect=None, read=None, redirect=None, status=None)) after connection broken by 'NewConnectionError("HTTPConnection(host='localhost', port=45363): Failed to establish a new connection: [Errno 111] Connection refused")': /session/a731cdc924fa553cbda761a80ed188a9/element/f.4D876AEDFD33ABF30F9140C94EFC23A4.d.CDCA943551C5470128A96CFA765900BA.e.151/elements
2026-02-11 14:56:10,449 - urllib3.connectionpool - WARNING - Retrying (Retry(total=0, connect=None, read=None, redirect=None, status=None)) after connection broken by 'NewConnectionError("HTTPConnection(host='localhost', port=37975): Failed to establish a new connection: [Errno 111] Connection refused")': /session/f9198ffa0d7e4f4519abcb42ab00527a/elements
2026-02-11 14:56:10,663 - urllib3.connectionpool - WARNING - Retrying (Retry(total=2, connect=None, read=None, redirect=None, status=None)) after connection broken by 'NewConnectionError("HTTPConnection(host='localhost', port=43191): Failed to establish a new connection: [Errno 111] Connection refused")': /session/3feb755049b8a6c67c7f758f800f4ee3/element/f.3401254D29542C52BE3EACD04DB8DE86.d.A03F1D484D97029C15A9777EA1EC90C5.e.126/element
2026-02-11 14:56:10,718 - output - INFO - Flushed 1 success records
2026-02-11 14:56:10,722 - urllib3.connectionpool - WARNING - Retrying (Retry(total=1, connect=None, read=None, redirect=None, status=None)) after connection broken by 'NewConnectionError("HTTPConnection(host='localhost', port=59007): Failed to establish a new connection: [Errno 111] Connection refused")': /session/559dd1dfc6b8c5c75b44f5a2926f0282
2026-02-11 14:56:10,868 - __main__ - INFO - Successfully scraped 2 entities from: acukwik_airport_59ad82d0 (took 165688ms)
2026-02-11 14:56:10,869 - urllib3.connectionpool - WARNING - Retrying (Retry(total=2, connect=None, read=None, redirect=None, status=None)) after connection broken by 'NewConnectionError("HTTPConnection(host='localhost', port=41081): Failed to establish a new connection: [Errno 111] Connection refused")': /session/49eeda3b0beac1ab0ae3f5316e5ad997
2026-02-11 14:56:10,740 - urllib3.connectionpool - WARNING - Retrying (Retry(total=2, connect=None, read=None, redirect=None, status=None)) after connection broken by 'NewConnectionError("HTTPConnection(host='localhost', port=37975): Failed to establish a new connection: [Errno 111] Connection refused")': /session/f9198ffa0d7e4f4519abcb42ab00527a/elements
2026-02-11 14:56:10,875 - urllib3.connectionpool - WARNING - Retrying (Retry(total=0, connect=None, read=None, redirect=None, status=None)) after connection broken by 'NewConnectionError("HTTPConnection(host='localhost', port=59007): Failed to establish a new connection: [Errno 111] Connection refused")': /session/559dd1dfc6b8c5c75b44f5a2926f0282
2026-02-11 14:56:10,848 - urllib3.connectionpool - WARNING - Retrying (Retry(total=1, connect=None, read=None, redirect=None, status=None)) after connection broken by 'NewConnectionError("HTTPConnection(host='localhost', port=43191): Failed to establish a new connection: [Errno 111] Connection refused")': /session/3feb755049b8a6c67c7f758f800f4ee3/element/f.3401254D29542C52BE3EACD04DB8DE86.d.A03F1D484D97029C15A9777EA1EC90C5.e.126/element
2026-02-11 14:56:10,768 - urllib3.connectionpool - WARNING - Retrying (Retry(total=0, connect=None, read=None, redirect=None, status=None)) after connection broken by 'NewConnectionError("HTTPConnection(host='localhost', port=45363): Failed to establish a new connection: [Errno 111] Connection refused")': /session/a731cdc924fa553cbda761a80ed188a9/element/f.4D876AEDFD33ABF30F9140C94EFC23A4.d.CDCA943551C5470128A96CFA765900BA.e.151/elements
2026-02-11 14:56:10,858 - output - INFO - Flushed 1 success records
2026-02-11 14:56:10,886 - urllib3.connectionpool - WARNING - Retrying (Retry(total=1, connect=None, read=None, redirect=None, status=None)) after connection broken by 'NewConnectionError("HTTPConnection(host='localhost', port=41081): Failed to establish a new connection: [Errno 111] Connection refused")': /session/49eeda3b0beac1ab0ae3f5316e5ad997
2026-02-11 14:56:10,887 - urllib3.connectionpool - WARNING - Retrying (Retry(total=0, connect=None, read=None, redirect=None, status=None)) after connection broken by 'NewConnectionError("HTTPConnection(host='localhost', port=43191): Failed to establish a new connection: [Errno 111] Connection refused")': /session/3feb755049b8a6c67c7f758f800f4ee3/element/f.3401254D29542C52BE3EACD04DB8DE86.d.A03F1D484D97029C15A9777EA1EC90C5.e.126/element
2026-02-11 14:56:10,888 - urllib3.connectionpool - WARNING - Retrying (Retry(total=1, connect=None, read=None, redirect=None, status=None)) after connection broken by 'NewConnectionError("HTTPConnection(host='localhost', port=37975): Failed to establish a new connection: [Errno 111] Connection refused")': /session/f9198ffa0d7e4f4519abcb42ab00527a/elements
2026-02-11 14:56:10,899 - __main__ - INFO - Successfully scraped 4 entities from: acukwik_airport_a8af07bb (took 161368ms)
2026-02-11 14:56:10,900 - urllib3.connectionpool - WARNING - Retrying (Retry(total=0, connect=None, read=None, redirect=None, status=None)) after connection broken by 'NewConnectionError("HTTPConnection(host='localhost', port=41081): Failed to establish a new connection: [Errno 111] Connection refused")': /session/49eeda3b0beac1ab0ae3f5316e5ad997
2026-02-11 14:56:10,901 - urllib3.connectionpool - WARNING - Retrying (Retry(total=2, connect=None, read=None, redirect=None, status=None)) after connection broken by 'NewConnectionError("HTTPConnection(host='localhost', port=45363): Failed to establish a new connection: [Errno 111] Connection refused")': /session/a731cdc924fa553cbda761a80ed188a9/elements
2026-02-11 14:56:10,903 - urllib3.connectionpool - WARNING - Retrying (Retry(total=0, connect=None, read=None, redirect=None, status=None)) after connection broken by 'NewConnectionError("HTTPConnection(host='localhost', port=37975): Failed to establish a new connection: [Errno 111] Connection refused")': /session/f9198ffa0d7e4f4519abcb42ab00527a/elements
2026-02-11 14:56:10,948 - urllib3.connectionpool - WARNING - Retrying (Retry(total=1, connect=None, read=None, redirect=None, status=None)) after connection broken by 'NewConnectionError("HTTPConnection(host='localhost', port=45363): Failed to establish a new connection: [Errno 111] Connection refused")': /session/a731cdc924fa553cbda761a80ed188a9/elements
2026-02-11 14:56:10,904 - urllib3.connectionpool - WARNING - Retrying (Retry(total=2, connect=None, read=None, redirect=None, status=None)) after connection broken by 'NewConnectionError("HTTPConnection(host='localhost', port=43191): Failed to establish a new connection: [Errno 111] Connection refused")': /session/3feb755049b8a6c67c7f758f800f4ee3/elements
2026-02-11 14:56:10,941 - urllib3.connectionpool - WARNING - Retrying (Retry(total=2, connect=None, read=None, redirect=None, status=None)) after connection broken by 'NewConnectionError("HTTPConnection(host='localhost', port=46701): Failed to establish a new connection: [Errno 111] Connection refused")': /session/2b5682eb5afed83a90facd1b3934f6c5
2026-02-11 14:56:10,961 - urllib3.connectionpool - WARNING - Retrying (Retry(total=2, connect=None, read=None, redirect=None, status=None)) after connection broken by 'NewConnectionError("HTTPConnection(host='localhost', port=37975): Failed to establish a new connection: [Errno 111] Connection refused")': /session/f9198ffa0d7e4f4519abcb42ab00527a/elements
2026-02-11 14:56:10,962 - urllib3.connectionpool - WARNING - Retrying (Retry(total=0, connect=None, read=None, redirect=None, status=None)) after connection broken by 'NewConnectionError("HTTPConnection(host='localhost', port=45363): Failed to establish a new connection: [Errno 111] Connection refused")': /session/a731cdc924fa553cbda761a80ed188a9/elements
2026-02-11 14:56:10,974 - urllib3.connectionpool - WARNING - Retrying (Retry(total=1, connect=None, read=None, redirect=None, status=None)) after connection broken by 'NewConnectionError("HTTPConnection(host='localhost', port=46701): Failed to establish a new connection: [Errno 111] Connection refused")': /session/2b5682eb5afed83a90facd1b3934f6c5
2026-02-11 14:56:10,987 - urllib3.connectionpool - WARNING - Retrying (Retry(total=0, connect=None, read=None, redirect=None, status=None)) after connection broken by 'NewConnectionError("HTTPConnection(host='localhost', port=46701): Failed to establish a new connection: [Errno 111] Connection refused")': /session/2b5682eb5afed83a90facd1b3934f6c5
2026-02-11 14:56:11,002 - urllib3.connectionpool - WARNING - Retrying (Retry(total=1, connect=None, read=None, redirect=None, status=None)) after connection broken by 'NewConnectionError("HTTPConnection(host='localhost', port=43191): Failed to establish a new connection: [Errno 111] Connection refused")': /session/3feb755049b8a6c67c7f758f800f4ee3/elements
2026-02-11 14:56:11,007 - output - INFO - Flushed 1 success records
2026-02-11 14:56:11,010 - urllib3.connectionpool - WARNING - Retrying (Retry(total=0, connect=None, read=None, redirect=None, status=None)) after connection broken by 'NewConnectionError("HTTPConnection(host='localhost', port=43191): Failed to establish a new connection: [Errno 111] Connection refused")': /session/3feb755049b8a6c67c7f758f800f4ee3/elements
2026-02-11 14:56:11,065 - urllib3.connectionpool - WARNING - Retrying (Retry(total=1, connect=None, read=None, redirect=None, status=None)) after connection broken by 'NewConnectionError("HTTPConnection(host='localhost', port=37975): Failed to establish a new connection: [Errno 111] Connection refused")': /session/f9198ffa0d7e4f4519abcb42ab00527a/elements
2026-02-11 14:56:11,114 - urllib3.connectionpool - WARNING - Retrying (Retry(total=0, connect=None, read=None, redirect=None, status=None)) after connection broken by 'NewConnectionError("HTTPConnection(host='localhost', port=37975): Failed to establish a new connection: [Errno 111] Connection refused")': /session/f9198ffa0d7e4f4519abcb42ab00527a/elements
2026-02-11 14:56:11,213 - output - INFO - Flushed 1 success records
2026-02-11 14:56:11,233 - urllib3.connectionpool - WARNING - Retrying (Retry(total=2, connect=None, read=None, redirect=None, status=None)) after connection broken by 'NewConnectionError("HTTPConnection(host='localhost', port=37975): Failed to establish a new connection: [Errno 111] Connection refused")': /session/f9198ffa0d7e4f4519abcb42ab00527a/elements
2026-02-11 14:56:11,235 - output - INFO - Flushed 1 success records
2026-02-11 14:56:11,246 - urllib3.connectionpool - WARNING - Retrying (Retry(total=1, connect=None, read=None, redirect=None, status=None)) after connection broken by 'NewConnectionError("HTTPConnection(host='localhost', port=37975): Failed to establish a new connection: [Errno 111] Connection refused")': /session/f9198ffa0d7e4f4519abcb42ab00527a/elements
2026-02-11 14:56:11,279 - urllib3.connectionpool - WARNING - Retrying (Retry(total=0, connect=None, read=None, redirect=None, status=None)) after connection broken by 'NewConnectionError("HTTPConnection(host='localhost', port=37975): Failed to establish a new connection: [Errno 111] Connection refused")': /session/f9198ffa0d7e4f4519abcb42ab00527a/elements
2026-02-11 14:56:11,295 - urllib3.connectionpool - WARNING - Retrying (Retry(total=2, connect=None, read=None, redirect=None, status=None)) after connection broken by 'NewConnectionError("HTTPConnection(host='localhost', port=37975): Failed to establish a new connection: [Errno 111] Connection refused")': /session/f9198ffa0d7e4f4519abcb42ab00527a/elements
2026-02-11 14:56:11,297 - output - INFO - Flushed 1 success records
2026-02-11 14:56:11,300 - urllib3.connectionpool - WARNING - Retrying (Retry(total=1, connect=None, read=None, redirect=None, status=None)) after connection broken by 'NewConnectionError("HTTPConnection(host='localhost', port=37975): Failed to establish a new connection: [Errno 111] Connection refused")': /session/f9198ffa0d7e4f4519abcb42ab00527a/elements
2026-02-11 14:56:11,312 - urllib3.connectionpool - WARNING - Retrying (Retry(total=0, connect=None, read=None, redirect=None, status=None)) after connection broken by 'NewConnectionError("HTTPConnection(host='localhost', port=37975): Failed to establish a new connection: [Errno 111] Connection refused")': /session/f9198ffa0d7e4f4519abcb42ab00527a/elements
2026-02-11 14:56:11,310 - output - INFO - Flushed 1 success records
2026-02-11 14:56:11,332 - output - INFO - Flushed 1 success records
2026-02-11 14:56:11,357 - urllib3.connectionpool - WARNING - Retrying (Retry(total=2, connect=None, read=None, redirect=None, status=None)) after connection broken by 'NewConnectionError("HTTPConnection(host='localhost', port=37975): Failed to establish a new connection: [Errno 111] Connection refused")': /session/f9198ffa0d7e4f4519abcb42ab00527a/elements
2026-02-11 14:56:11,358 - output - INFO - Flushed 1 success records
2026-02-11 14:56:11,359 - urllib3.connectionpool - WARNING - Retrying (Retry(total=1, connect=None, read=None, redirect=None, status=None)) after connection broken by 'NewConnectionError("HTTPConnection(host='localhost', port=37975): Failed to establish a new connection: [Errno 111] Connection refused")': /session/f9198ffa0d7e4f4519abcb42ab00527a/elements
2026-02-11 14:56:11,376 - __main__ - INFO - Successfully scraped 3 entities from: acukwik_airport_838fdfb1 (took 162664ms)
2026-02-11 14:56:11,383 - urllib3.connectionpool - WARNING - Retrying (Retry(total=2, connect=None, read=None, redirect=None, status=None)) after connection broken by 'NewConnectionError("HTTPConnection(host='localhost', port=43191): Failed to establish a new connection: [Errno 111] Connection refused")': /session/3feb755049b8a6c67c7f758f800f4ee3
2026-02-11 14:56:11,385 - output - INFO - Flushed 1 success records
2026-02-11 14:56:11,386 - urllib3.connectionpool - WARNING - Retrying (Retry(total=0, connect=None, read=None, redirect=None, status=None)) after connection broken by 'NewConnectionError("HTTPConnection(host='localhost', port=37975): Failed to establish a new connection: [Errno 111] Connection refused")': /session/f9198ffa0d7e4f4519abcb42ab00527a/elements
2026-02-11 14:56:11,391 - urllib3.connectionpool - WARNING - Retrying (Retry(total=1, connect=None, read=None, redirect=None, status=None)) after connection broken by 'NewConnectionError("HTTPConnection(host='localhost', port=43191): Failed to establish a new connection: [Errno 111] Connection refused")': /session/3feb755049b8a6c67c7f758f800f4ee3
2026-02-11 14:56:11,410 - __main__ - INFO - Successfully scraped 5 entities from: acukwik_airport_45d9c7d1 (took 162931ms)
2026-02-11 14:56:11,412 - urllib3.connectionpool - WARNING - Retrying (Retry(total=2, connect=None, read=None, redirect=None, status=None)) after connection broken by 'NewConnectionError("HTTPConnection(host='localhost', port=45363): Failed to establish a new connection: [Errno 111] Connection refused")': /session/a731cdc924fa553cbda761a80ed188a9
2026-02-11 14:56:11,412 - urllib3.connectionpool - WARNING - Retrying (Retry(total=0, connect=None, read=None, redirect=None, status=None)) after connection broken by 'NewConnectionError("HTTPConnection(host='localhost', port=43191): Failed to establish a new connection: [Errno 111] Connection refused")': /session/3feb755049b8a6c67c7f758f800f4ee3
2026-02-11 14:56:11,413 - urllib3.connectionpool - WARNING - Retrying (Retry(total=1, connect=None, read=None, redirect=None, status=None)) after connection broken by 'NewConnectionError("HTTPConnection(host='localhost', port=45363): Failed to establish a new connection: [Errno 111] Connection refused")': /session/a731cdc924fa553cbda761a80ed188a9
2026-02-11 14:56:11,431 - urllib3.connectionpool - WARNING - Retrying (Retry(total=2, connect=None, read=None, redirect=None, status=None)) after connection broken by 'NewConnectionError("HTTPConnection(host='localhost', port=37975): Failed to establish a new connection: [Errno 111] Connection refused")': /session/f9198ffa0d7e4f4519abcb42ab00527a/elements
2026-02-11 14:56:11,433 - urllib3.connectionpool - WARNING - Retrying (Retry(total=0, connect=None, read=None, redirect=None, status=None)) after connection broken by 'NewConnectionError("HTTPConnection(host='localhost', port=45363): Failed to establish a new connection: [Errno 111] Connection refused")': /session/a731cdc924fa553cbda761a80ed188a9
2026-02-11 14:56:11,436 - urllib3.connectionpool - WARNING - Retrying (Retry(total=1, connect=None, read=None, redirect=None, status=None)) after connection broken by 'NewConnectionError("HTTPConnection(host='localhost', port=37975): Failed to establish a new connection: [Errno 111] Connection refused")': /session/f9198ffa0d7e4f4519abcb42ab00527a/elements
2026-02-11 14:56:11,453 - urllib3.connectionpool - WARNING - Retrying (Retry(total=0, connect=None, read=None, redirect=None, status=None)) after connection broken by 'NewConnectionError("HTTPConnection(host='localhost', port=37975): Failed to establish a new connection: [Errno 111] Connection refused")': /session/f9198ffa0d7e4f4519abcb42ab00527a/elements
2026-02-11 14:56:11,457 - urllib3.connectionpool - WARNING - Retrying (Retry(total=2, connect=None, read=None, redirect=None, status=None)) after connection broken by 'NewConnectionError("HTTPConnection(host='localhost', port=37975): Failed to establish a new connection: [Errno 111] Connection refused")': /session/f9198ffa0d7e4f4519abcb42ab00527a/elements
2026-02-11 14:56:11,458 - urllib3.connectionpool - WARNING - Retrying (Retry(total=1, connect=None, read=None, redirect=None, status=None)) after connection broken by 'NewConnectionError("HTTPConnection(host='localhost', port=37975): Failed to establish a new connection: [Errno 111] Connection refused")': /session/f9198ffa0d7e4f4519abcb42ab00527a/elements
2026-02-11 14:56:11,462 - urllib3.connectionpool - WARNING - Retrying (Retry(total=0, connect=None, read=None, redirect=None, status=None)) after connection broken by 'NewConnectionError("HTTPConnection(host='localhost', port=37975): Failed to establish a new connection: [Errno 111] Connection refused")': /session/f9198ffa0d7e4f4519abcb42ab00527a/elements
2026-02-11 14:56:11,485 - output - INFO - Flushed 1 success records
2026-02-11 14:56:11,497 - output - INFO - Flushed 1 success records
2026-02-11 14:56:11,532 - output - INFO - Flushed 1 success records
2026-02-11 14:56:11,550 - output - INFO - Flushed 1 success records
2026-02-11 14:56:11,573 - output - INFO - Flushed 1 success records
2026-02-11 14:56:11,596 - output - INFO - Flushed 1 success records
2026-02-11 14:56:11,627 - output - INFO - Flushed 1 success records
2026-02-11 14:56:11,651 - output - INFO - Flushed 1 success records
2026-02-11 14:56:11,654 - __main__ - INFO - Successfully scraped 8 entities from: acukwik_airport_d6241617 (took 166142ms)
2026-02-11 14:56:11,655 - urllib3.connectionpool - WARNING - Retrying (Retry(total=2, connect=None, read=None, redirect=None, status=None)) after connection broken by 'NewConnectionError("HTTPConnection(host='localhost', port=37975): Failed to establish a new connection: [Errno 111] Connection refused")': /session/f9198ffa0d7e4f4519abcb42ab00527a
2026-02-11 14:56:11,659 - urllib3.connectionpool - WARNING - Retrying (Retry(total=1, connect=None, read=None, redirect=None, status=None)) after connection broken by 'NewConnectionError("HTTPConnection(host='localhost', port=37975): Failed to establish a new connection: [Errno 111] Connection refused")': /session/f9198ffa0d7e4f4519abcb42ab00527a
2026-02-11 14:56:11,667 - urllib3.connectionpool - WARNING - Retrying (Retry(total=0, connect=None, read=None, redirect=None, status=None)) after connection broken by 'NewConnectionError("HTTPConnection(host='localhost', port=37975): Failed to establish a new connection: [Errno 111] Connection refused")': /session/f9198ffa0d7e4f4519abcb42ab00527a
2026-02-11 14:56:11,735 - __main__ - ERROR - Error scraping https://acukwik.com/Airport-Info/MYAT (attempt 1): Message: Unable to obtain driver for chrome; For documentation on this error, please visit: https://www.selenium.dev/documentation/webdriver/troubleshooting/errors/driver_location

2026-02-11 14:56:11,735 - __main__ - INFO - Retrying in 5.24 seconds...
2026-02-11 14:56:11,736 - __main__ - ERROR - Error scraping https://acukwik.com/Airport-Info/OBBI (attempt 1): Message: Unable to obtain driver for chrome; For documentation on this error, please visit: https://www.selenium.dev/documentation/webdriver/troubleshooting/errors/driver_location

2026-02-11 14:56:11,736 - __main__ - INFO - Retrying in 5.36 seconds...
2026-02-11 14:56:11,737 - __main__ - ERROR - Error scraping https://acukwik.com/Airport-Info/MYAM (attempt 1): Message: Unable to obtain driver for chrome; For documentation on this error, please visit: https://www.selenium.dev/documentation/webdriver/troubleshooting/errors/driver_location

2026-02-11 14:56:11,737 - __main__ - INFO - Retrying in 5.13 seconds...
2026-02-11 14:56:11,737 - __main__ - ERROR - Error scraping https://acukwik.com/Airport-Info/VGSY (attempt 1): Message: Unable to obtain driver for chrome; For documentation on this error, please visit: https://www.selenium.dev/documentation/webdriver/troubleshooting/errors/driver_location

2026-02-11 14:56:11,737 - __main__ - INFO - Retrying in 5.03 seconds...
2026-02-11 14:56:11,740 - __main__ - ERROR - Error scraping https://acukwik.com/Airport-Info/VGRJ (attempt 1): Message: Unable to obtain driver for chrome; For documentation on this error, please visit: https://www.selenium.dev/documentation/webdriver/troubleshooting/errors/driver_location

2026-02-11 14:56:11,740 - __main__ - INFO - Retrying in 5.47 seconds...
2026-02-11 14:56:11,740 - __main__ - ERROR - Error scraping https://acukwik.com/Airport-Info/OBBS (attempt 1): Message: Unable to obtain driver for chrome; For documentation on this error, please visit: https://www.selenium.dev/documentation/webdriver/troubleshooting/errors/driver_location

2026-02-11 14:56:11,741 - __main__ - INFO - Retrying in 5.16 seconds...
2026-02-11 14:56:11,741 - __main__ - ERROR - Error scraping https://acukwik.com/Airport-Info/VGSD (attempt 1): Message: Unable to obtain driver for chrome; For documentation on this error, please visit: https://www.selenium.dev/documentation/webdriver/troubleshooting/errors/driver_location

2026-02-11 14:56:11,742 - __main__ - ERROR - Error scraping https://acukwik.com/Airport-Info/VGSH (attempt 1): Message: Unable to obtain driver for chrome; For documentation on this error, please visit: https://www.selenium.dev/documentation/webdriver/troubleshooting/errors/driver_location

2026-02-11 14:56:11,743 - __main__ - ERROR - Error scraping https://acukwik.com/Airport-Info/OBKH (attempt 1): Message: Unable to obtain driver for chrome; For documentation on this error, please visit: https://www.selenium.dev/documentation/webdriver/troubleshooting/errors/driver_location

2026-02-11 14:56:11,743 - __main__ - INFO - Retrying in 5.43 seconds...
2026-02-11 14:56:11,744 - __main__ - INFO - Retrying in 5.02 seconds...
2026-02-11 14:56:11,744 - __main__ - INFO - Retrying in 5.13 seconds...
